shard-00014.npz: games=16 samples=780 cache=439/780 seconds=48.5 q/s=7.0
shard-00003.npz: games=16 samples=965 cache=514/965 seconds=61.2 q/s=7.4
shard-00007.npz: games=16 samples=781 cache=341/781 seconds=61.8 q/s=7.1
shard-00010.npz: games=16 samples=779 cache=327/779 seconds=65.5 q/s=6.9
shard-00000.npz: games=16 samples=948 cache=472/948 seconds=66.0 q/s=7.2
shard-00005.npz: games=16 samples=837 cache=310/837 seconds=70.3 q/s=7.5
shard-00009.npz: games=16 samples=896 cache=360/896 seconds=71.6 q/s=7.5
shard-00002.npz: games=16 samples=807 cache=301/807 seconds=72.9 q/s=6.9
shard-00004.npz: games=16 samples=889 cache=315/889 seconds=74.1 q/s=7.7
shard-00001.npz: games=16 samples=1025 cache=441/1025 seconds=75.2 q/s=7.8
shard-00008.npz: games=16 samples=1036 cache=373/1036 seconds=79.4 q/s=8.3
shard-00013.npz: games=16 samples=975 cache=315/975 seconds=79.5 q/s=8.3
shard-00006.npz: games=16 samples=929 cache=279/929 seconds=82.1 q/s=7.9
shard-00015.npz: games=16 samples=988 cache=328/988 seconds=82.2 q/s=8.0
shard-00011.npz: games=16 samples=1116 cache=379/1116 seconds=83.0 q/s=8.9
shard-00012.npz: games=16 samples=1036 cache=325/1036 seconds=83.6 q/s=8.5
shard-00030.npz: games=16 samples=838 cache=405/838 seconds=59.4 q/s=7.3
shard-00021.npz: games=16 samples=790 cache=327/790 seconds=68.7 q/s=6.7
shard-00020.npz: games=16 samples=822 cache=298/822 seconds=72.6 q/s=7.2
shard-00026.npz: games=16 samples=932 cache=401/932 seconds=73.6 q/s=7.2
shard-00017.npz: games=16 samples=812 cache=258/812 seconds=75.9 q/s=7.3
shard-00024.npz: games=16 samples=938 cache=357/938 seconds=77.5 q/s=7.5
shard-00027.npz: games=16 samples=1019 cache=365/1019 seconds=83.4 q/s=7.8
shard-00031.npz: games=16 samples=1055 cache=385/1055 seconds=85.0 q/s=7.9
shard-00016.npz: games=16 samples=956 cache=304/956 seconds=85.1 q/s=7.7
shard-00028.npz: games=16 samples=860 cache=254/860 seconds=86.0 q/s=7.0
shard-00022.npz: games=16 samples=972 cache=314/972 seconds=87.9 q/s=7.5
shard-00025.npz: games=16 samples=1021 cache=356/1021 seconds=89.5 q/s=7.4
shard-00023.npz: games=16 samples=1014 cache=291/1014 seconds=91.2 q/s=7.9
shard-00019.npz: games=16 samples=1054 cache=281/1054 seconds=92.5 q/s=8.4
shard-00018.npz: games=16 samples=1176 cache=380/1176 seconds=93.4 q/s=8.5
shard-00029.npz: games=16 samples=1205 cache=363/1205 seconds=95.7 q/s=8.8
shard-00047.npz: games=16 samples=723 cache=413/723 seconds=45.4 q/s=6.8
shard-00042.npz: games=16 samples=644 cache=277/644 seconds=52.3 q/s=7.0
shard-00038.npz: games=16 samples=842 cache=403/842 seconds=60.7 q/s=7.2
shard-00043.npz: games=16 samples=845 cache=348/845 seconds=64.7 q/s=7.7
shard-00037.npz: games=16 samples=894 cache=418/894 seconds=65.0 q/s=7.3
shard-00044.npz: games=16 samples=949 cache=412/949 seconds=70.0 q/s=7.7
shard-00040.npz: games=16 samples=958 cache=389/958 seconds=71.2 q/s=8.0
shard-00033.npz: games=16 samples=894 cache=329/894 seconds=71.8 q/s=7.9
shard-00035.npz: games=16 samples=907 cache=332/907 seconds=74.6 q/s=7.7
shard-00039.npz: games=16 samples=832 cache=254/832 seconds=74.6 q/s=7.7
shard-00046.npz: games=16 samples=1062 cache=434/1062 seconds=75.7 q/s=8.3
shard-00036.npz: games=16 samples=1010 cache=371/1010 seconds=76.7 q/s=8.3
shard-00034.npz: games=16 samples=1071 cache=398/1071 seconds=79.4 q/s=8.5
shard-00041.npz: games=16 samples=921 cache=265/921 seconds=79.5 q/s=8.3
shard-00032.npz: games=16 samples=949 cache=259/949 seconds=81.0 q/s=8.5
shard-00045.npz: games=16 samples=1076 cache=360/1076 seconds=81.2 q/s=8.8
shard-00048.npz: games=16 samples=833 cache=363/833 seconds=68.2 q/s=6.9
shard-00053.npz: games=16 samples=832 cache=308/832 seconds=72.6 q/s=7.2
shard-00057.npz: games=16 samples=907 cache=369/907 seconds=73.8 q/s=7.3
shard-00054.npz: games=16 samples=906 cache=369/906 seconds=75.0 q/s=7.2
shard-00055.npz: games=16 samples=917 cache=361/917 seconds=75.1 q/s=7.4
shard-00056.npz: games=16 samples=951 cache=449/951 seconds=75.5 q/s=6.7
shard-00059.npz: games=16 samples=924 cache=359/924 seconds=78.3 q/s=7.2
shard-00062.npz: games=16 samples=972 cache=371/972 seconds=80.1 q/s=7.5
shard-00060.npz: games=16 samples=938 cache=366/938 seconds=81.4 q/s=7.0
shard-00058.npz: games=16 samples=947 cache=309/947 seconds=82.5 q/s=7.7
shard-00061.npz: games=16 samples=914 cache=299/914 seconds=82.9 q/s=7.4
shard-00049.npz: games=16 samples=944 cache=276/944 seconds=88.1 q/s=7.6
shard-00050.npz: games=16 samples=1011 cache=298/1011 seconds=89.5 q/s=8.0
shard-00052.npz: games=16 samples=1091 cache=336/1091 seconds=90.2 q/s=8.4
shard-00051.npz: games=16 samples=1125 cache=381/1125 seconds=92.1 q/s=8.1
shard-00063.npz: games=16 samples=1125 cache=287/1125 seconds=94.5 q/s=8.9
coverage: games=1024 new=22824/50000 win=544/0 block=2991/0 fork=6325/0
shard-00069.npz: games=16 samples=912 cache=426/912 seconds=62.6 q/s=7.8
shard-00076.npz: games=16 samples=934 cache=438/934 seconds=66.5 q/s=7.5
shard-00072.npz: games=16 samples=731 cache=218/731 seconds=73.8 q/s=7.0
shard-00065.npz: games=16 samples=894 cache=366/894 seconds=75.2 q/s=7.0
shard-00074.npz: games=16 samples=836 cache=298/836 seconds=75.3 q/s=7.1
shard-00071.npz: games=16 samples=915 cache=373/915 seconds=75.6 q/s=7.2
shard-00073.npz: games=16 samples=853 cache=291/853 seconds=79.3 q/s=7.1
shard-00077.npz: games=16 samples=1015 cache=392/1015 seconds=80.2 q/s=7.8
shard-00079.npz: games=16 samples=855 cache=299/855 seconds=80.2 q/s=6.9
shard-00070.npz: games=16 samples=900 cache=311/900 seconds=81.8 q/s=7.2
shard-00067.npz: games=16 samples=1154 cache=502/1154 seconds=84.1 q/s=7.8
shard-00066.npz: games=16 samples=944 cache=314/944 seconds=85.3 q/s=7.4
shard-00075.npz: games=16 samples=982 cache=303/982 seconds=86.0 q/s=7.9
shard-00064.npz: games=16 samples=1134 cache=427/1134 seconds=86.8 q/s=8.2
shard-00078.npz: games=16 samples=1051 cache=337/1051 seconds=88.5 q/s=8.1
shard-00068.npz: games=16 samples=1112 cache=358/1112 seconds=89.8 q/s=8.4
coverage: games=1280 new=27186/50000 win=670/0 block=3707/0 fork=7840/0
shard-00094.npz: games=16 samples=738 cache=447/738 seconds=39.0 q/s=7.5
shard-00087.npz: games=16 samples=766 cache=429/766 seconds=51.6 q/s=6.5
shard-00083.npz: games=16 samples=772 cache=293/772 seconds=62.0 q/s=7.7
shard-00084.npz: games=16 samples=892 cache=397/892 seconds=65.0 q/s=7.6
shard-00085.npz: games=16 samples=815 cache=305/815 seconds=73.2 q/s=7.0
shard-00090.npz: games=16 samples=961 cache=392/961 seconds=74.2 q/s=7.7
shard-00082.npz: games=16 samples=886 cache=343/886 seconds=75.6 q/s=7.2
shard-00091.npz: games=16 samples=881 cache=327/881 seconds=76.5 q/s=7.2
shard-00088.npz: games=16 samples=972 cache=353/972 seconds=77.8 q/s=8.0
shard-00095.npz: games=16 samples=888 cache=272/888 seconds=80.8 q/s=7.6
shard-00093.npz: games=16 samples=1122 cache=443/1122 seconds=82.4 q/s=8.2
shard-00081.npz: games=16 samples=1028 cache=302/1028 seconds=85.0 q/s=8.5
shard-00089.npz: games=16 samples=1107 cache=369/1107 seconds=87.1 q/s=8.5
shard-00086.npz: games=16 samples=1060 cache=323/1060 seconds=87.7 q/s=8.4
shard-00092.npz: games=16 samples=1039 cache=286/1039 seconds=88.8 q/s=8.5
shard-00080.npz: games=16 samples=1145 cache=325/1145 seconds=90.7 q/s=9.0
coverage: games=1536 new=31285/50000 win=799/0 block=4429/0 fork=9400/0
shard-00104.npz: games=16 samples=730 cache=354/730 seconds=54.8 q/s=6.9
shard-00106.npz: games=16 samples=752 cache=274/752 seconds=63.4 q/s=7.5
shard-00099.npz: games=16 samples=831 cache=336/831 seconds=65.5 q/s=7.6
shard-00105.npz: games=16 samples=786 cache=275/786 seconds=73.4 q/s=7.0
shard-00110.npz: games=16 samples=909 cache=386/909 seconds=74.6 q/s=7.0
shard-00097.npz: games=16 samples=915 cache=368/915 seconds=77.6 q/s=7.0
shard-00096.npz: games=16 samples=942 cache=367/942 seconds=78.8 q/s=7.3
shard-00101.npz: games=16 samples=996 cache=384/996 seconds=81.8 q/s=7.5
shard-00108.npz: games=16 samples=952 cache=309/952 seconds=83.7 q/s=7.7
shard-00109.npz: games=16 samples=1072 cache=437/1072 seconds=85.0 q/s=7.5
shard-00098.npz: games=16 samples=1065 cache=449/1065 seconds=86.2 q/s=7.1
shard-00107.npz: games=16 samples=1039 cache=362/1039 seconds=87.3 q/s=7.8
shard-00100.npz: games=16 samples=1083 cache=423/1083 seconds=87.8 q/s=7.5
shard-00111.npz: games=16 samples=1072 cache=384/1072 seconds=88.4 q/s=7.8
shard-00102.npz: games=16 samples=1128 cache=345/1128 seconds=93.7 q/s=8.4
shard-00103.npz: games=16 samples=1124 cache=339/1124 seconds=93.8 q/s=8.4
coverage: games=1792 new=35296/50000 win=922/0 block=5155/0 fork=10965/0
shard-00124.npz: games=16 samples=801 cache=409/801 seconds=51.5 q/s=7.6
shard-00127.npz: games=16 samples=887 cache=519/887 seconds=56.2 q/s=6.6
shard-00121.npz: games=16 samples=940 cache=498/940 seconds=61.9 q/s=7.1
shard-00116.npz: games=16 samples=802 cache=334/802 seconds=66.4 q/s=7.1
shard-00115.npz: games=16 samples=814 cache=344/814 seconds=69.4 q/s=6.8
shard-00125.npz: games=16 samples=851 cache=343/851 seconds=71.8 q/s=7.1
shard-00117.npz: games=16 samples=778 cache=279/778 seconds=72.3 q/s=6.9
shard-00113.npz: games=16 samples=968 cache=389/968 seconds=74.9 q/s=7.7
shard-00118.npz: games=16 samples=994 cache=387/994 seconds=75.5 q/s=8.0
shard-00114.npz: games=16 samples=962 cache=362/962 seconds=75.6 q/s=7.9
shard-00123.npz: games=16 samples=951 cache=343/951 seconds=77.2 q/s=7.9
shard-00112.npz: games=16 samples=990 cache=358/990 seconds=81.8 q/s=7.7
shard-00120.npz: games=16 samples=1006 cache=319/1006 seconds=82.1 q/s=8.4
shard-00119.npz: games=16 samples=1120 cache=448/1120 seconds=83.3 q/s=8.1
shard-00126.npz: games=16 samples=1077 cache=365/1077 seconds=84.9 q/s=8.4
shard-00122.npz: games=16 samples=1044 cache=246/1044 seconds=88.4 q/s=9.0
coverage: games=2048 new=38605/50000 win=1047/0 block=5818/0 fork=12476/0
shard-00140.npz: games=16 samples=774 cache=326/774 seconds=61.4 q/s=7.3
shard-00143.npz: games=16 samples=903 cache=395/903 seconds=69.0 q/s=7.4
shard-00128.npz: games=16 samples=769 cache=283/769 seconds=69.8 q/s=7.0
shard-00134.npz: games=16 samples=900 cache=397/900 seconds=71.7 q/s=7.0
shard-00141.npz: games=16 samples=989 cache=453/989 seconds=76.5 q/s=7.0
shard-00129.npz: games=16 samples=970 cache=368/970 seconds=80.4 q/s=7.5
shard-00138.npz: games=16 samples=939 cache=371/939 seconds=82.5 q/s=6.9
shard-00142.npz: games=16 samples=908 cache=264/908 seconds=85.0 q/s=7.6
shard-00131.npz: games=16 samples=946 cache=289/946 seconds=85.0 q/s=7.7
shard-00135.npz: games=16 samples=852 cache=256/852 seconds=85.5 q/s=7.0
shard-00137.npz: games=16 samples=1057 cache=403/1057 seconds=85.9 q/s=7.6
shard-00133.npz: games=16 samples=951 cache=301/951 seconds=87.2 q/s=7.5
shard-00136.npz: games=16 samples=1064 cache=350/1064 seconds=87.9 q/s=8.1
shard-00132.npz: games=16 samples=984 cache=259/984 seconds=90.2 q/s=8.0
shard-00130.npz: games=16 samples=1132 cache=383/1132 seconds=94.3 q/s=7.9
shard-00139.npz: games=16 samples=1244 cache=401/1244 seconds=98.3 q/s=8.6
coverage: games=2304 new=42988/50000 win=1170/0 block=6566/0 fork=14054/0
shard-00147.npz: games=16 samples=714 cache=301/714 seconds=62.8 q/s=6.6
shard-00159.npz: games=16 samples=999 cache=480/999 seconds=68.8 q/s=7.5
shard-00156.npz: games=16 samples=863 cache=370/863 seconds=68.9 q/s=7.2
shard-00155.npz: games=16 samples=854 cache=314/854 seconds=74.2 q/s=7.3
shard-00150.npz: games=16 samples=932 cache=372/932 seconds=76.8 q/s=7.3
shard-00148.npz: games=16 samples=909 cache=327/909 seconds=79.4 q/s=7.3
shard-00154.npz: games=16 samples=1018 cache=395/1018 seconds=80.8 q/s=7.7
shard-00145.npz: games=16 samples=909 cache=301/909 seconds=80.8 q/s=7.5
shard-00151.npz: games=16 samples=933 cache=331/933 seconds=83.8 q/s=7.2
shard-00157.npz: games=16 samples=975 cache=335/975 seconds=86.1 q/s=7.4
shard-00152.npz: games=16 samples=855 cache=210/855 seconds=88.7 q/s=7.3
shard-00144.npz: games=16 samples=1066 cache=340/1066 seconds=89.3 q/s=8.1
shard-00149.npz: games=16 samples=1006 cache=318/1006 seconds=89.6 q/s=7.7
shard-00153.npz: games=16 samples=1191 cache=416/1191 seconds=91.5 q/s=8.5
shard-00158.npz: games=16 samples=1126 cache=376/1126 seconds=91.7 q/s=8.2
shard-00146.npz: games=16 samples=1093 cache=313/1093 seconds=93.5 q/s=8.3
coverage: games=2560 new=47175/50000 win=1304/0 block=7362/0 fork=15690/0
shard-00168.npz: games=16 samples=864 cache=375/864 seconds=74.0 q/s=6.6
shard-00160.npz: games=16 samples=968 cache=440/968 seconds=77.0 q/s=6.9
shard-00173.npz: games=16 samples=845 cache=289/845 seconds=83.1 q/s=6.7
shard-00164.npz: games=16 samples=849 cache=264/849 seconds=84.0 q/s=7.0
shard-00163.npz: games=16 samples=906 cache=310/906 seconds=85.5 q/s=7.0
shard-00165.npz: games=16 samples=923 cache=328/923 seconds=85.7 q/s=6.9
shard-00171.npz: games=16 samples=1045 cache=411/1045 seconds=89.0 q/s=7.1
shard-00169.npz: games=16 samples=928 cache=311/928 seconds=89.4 q/s=6.9
shard-00161.npz: games=16 samples=1001 cache=364/1001 seconds=89.6 q/s=7.1
shard-00174.npz: games=16 samples=1016 cache=389/1016 seconds=90.7 q/s=6.9
shard-00172.npz: games=16 samples=1060 cache=321/1060 seconds=94.7 q/s=7.8
shard-00175.npz: games=16 samples=959 cache=290/959 seconds=94.8 q/s=7.1
shard-00167.npz: games=16 samples=1137 cache=381/1137 seconds=95.4 q/s=7.9
shard-00170.npz: games=16 samples=1095 cache=391/1095 seconds=95.6 q/s=7.4
shard-00162.npz: games=16 samples=1061 cache=335/1061 seconds=96.2 q/s=7.5
shard-00166.npz: games=16 samples=1043 cache=273/1043 seconds=98.4 q/s=7.8
coverage: games=2816 new=50284/50000 win=1436/0 block=8196/0 fork=17386/0
!!!!!!!!!!!!!!!! 数据多样性量化结果 !!!!!!!!!!!!!!!!
!!!!!!!!!!!!!!!! 有效轨迹比例：19.50%（越高越好） !!!!!!!!!!!!!!!!
!!!!!!!!!!!!!!!! 最大单一轨迹占比：4.62%（越低越好） !!!!!!!!!!!!!!!!
!!!!!!!!!!!!!!!! 独特状态比例：32.10%（越高越好） !!!!!!!!!!!!!!!!
!!!!!!!!!!!!!!!! 数据质量结论：可接受，多样性良好 !!!!!!!!!!!!!!!!
complete: samples=167365 cache_hit_rate=0.369 expert_queries=105580
