{
  "checkpoint": "/home/bison/mygames/chess_5/BC/checkpoints/9x9-quality-v1/round_04/best.pt",
  "challenge_bank": "/home/bison/mygames/chess_5/BC/data/9x9-quality-v1/challenge_v1.npz",
  "agreement": {
    "samples": 23401,
    "illegal_actions": 0,
    "top1_accuracy": 0.7985128840647836,
    "top4_accuracy": 0.9689756847997949,
    "ood_top1_accuracy": 0.7772904948040804,
    "ood_top4_accuracy": 0.9668700543426447,
    "ood_samples": 20978,
    "win_block_accuracy": 0.9787437305946979,
    "fork_top4_accuracy": 0.9973975276512687,
    "win_block_samples": 4187,
    "fork_samples": 3074
  },
  "rollout_audit": {
    "samples": 20000,
    "illegal_actions": 0,
    "top1_accuracy": 0.90775,
    "top4_accuracy": 0.9937,
    "ood_top1_accuracy": 0.90775,
    "ood_top4_accuracy": 0.9937,
    "ood_samples": 20000,
    "win_block_accuracy": 0.9978768577494692,
    "fork_top4_accuracy": 0.9994686503719448,
    "win_block_samples": 942,
    "fork_samples": 1882
  },
  "matches": {
    "colors": {
      "black": {
        "wins": 202,
        "losses": 43,
        "draws": 255,
        "games": 500,
        "score_rate": 0.659,
        "score_rate_ci95": [
          0.6316426899164385,
          0.6863573100835616
        ],
        "decisive_game_rate": 0.49
      },
      "white": {
        "wins": 56,
        "losses": 150,
        "draws": 294,
        "games": 500,
        "score_rate": 0.406,
        "score_rate_ci95": [
          0.3790759574930972,
          0.43292404250690286
        ],
        "decisive_game_rate": 0.412
      }
    },
    "moves": 52625,
    "illegal_actions": 0
  },
  "passed": false
}
