shard-00004.npz: games=16 samples=1047 cache=685/1047 seconds=51.1 q/s=7.1
shard-00014.npz: games=16 samples=1009 cache=625/1009 seconds=59.2 q/s=6.5
shard-00007.npz: games=16 samples=1015 cache=563/1015 seconds=60.2 q/s=7.5
shard-00000.npz: games=16 samples=1020 cache=579/1020 seconds=63.2 q/s=7.0
shard-00010.npz: games=16 samples=1074 cache=623/1074 seconds=64.0 q/s=7.1
shard-00002.npz: games=16 samples=904 cache=466/904 seconds=64.1 q/s=6.8
shard-00009.npz: games=16 samples=894 cache=446/894 seconds=65.5 q/s=6.8
shard-00001.npz: games=16 samples=959 cache=477/959 seconds=67.6 q/s=7.1
shard-00006.npz: games=16 samples=996 cache=518/996 seconds=68.1 q/s=7.0
shard-00011.npz: games=16 samples=1049 cache=570/1049 seconds=69.5 q/s=6.9
shard-00008.npz: games=16 samples=1031 cache=558/1031 seconds=70.3 q/s=6.7
shard-00003.npz: games=16 samples=1097 cache=561/1097 seconds=71.2 q/s=7.5
shard-00012.npz: games=16 samples=963 cache=456/963 seconds=72.4 q/s=7.0
shard-00013.npz: games=16 samples=1003 cache=461/1003 seconds=72.9 q/s=7.4
shard-00015.npz: games=16 samples=875 cache=367/875 seconds=73.7 q/s=6.9
shard-00005.npz: games=16 samples=1150 cache=588/1150 seconds=75.9 q/s=7.4
shard-00017.npz: games=16 samples=857 cache=512/857 seconds=54.4 q/s=6.3
shard-00024.npz: games=16 samples=1036 cache=648/1036 seconds=55.6 q/s=7.0
shard-00030.npz: games=16 samples=869 cache=526/869 seconds=57.0 q/s=6.0
shard-00019.npz: games=16 samples=920 cache=530/920 seconds=58.4 q/s=6.7
shard-00029.npz: games=16 samples=1032 cache=634/1032 seconds=60.1 q/s=6.6
shard-00023.npz: games=16 samples=971 cache=553/971 seconds=61.2 q/s=6.8
shard-00025.npz: games=16 samples=1026 cache=560/1026 seconds=62.2 q/s=7.5
shard-00031.npz: games=16 samples=909 cache=465/909 seconds=63.9 q/s=7.0
shard-00016.npz: games=16 samples=1018 cache=549/1018 seconds=65.5 q/s=7.2
shard-00027.npz: games=16 samples=1108 cache=678/1108 seconds=66.6 q/s=6.5
shard-00022.npz: games=16 samples=809 cache=350/809 seconds=66.8 q/s=6.9
shard-00020.npz: games=16 samples=1092 cache=574/1092 seconds=67.8 q/s=7.6
shard-00028.npz: games=16 samples=1017 cache=496/1017 seconds=72.2 q/s=7.2
shard-00026.npz: games=16 samples=976 cache=430/976 seconds=73.1 q/s=7.5
shard-00018.npz: games=16 samples=1185 cache=592/1185 seconds=74.2 q/s=8.0
shard-00021.npz: games=16 samples=1042 cache=467/1042 seconds=75.0 q/s=7.7
shard-00032.npz: games=16 samples=819 cache=473/819 seconds=46.3 q/s=7.5
shard-00043.npz: games=16 samples=1111 cache=716/1111 seconds=60.0 q/s=6.6
shard-00045.npz: games=16 samples=949 cache=561/949 seconds=60.1 q/s=6.5
shard-00034.npz: games=16 samples=1080 cache=645/1080 seconds=62.8 q/s=6.9
shard-00037.npz: games=16 samples=1081 cache=648/1081 seconds=63.3 q/s=6.8
shard-00039.npz: games=16 samples=1024 cache=579/1024 seconds=63.4 q/s=7.0
shard-00042.npz: games=16 samples=967 cache=550/967 seconds=64.5 q/s=6.5
shard-00041.npz: games=16 samples=934 cache=480/934 seconds=65.7 q/s=6.9
shard-00036.npz: games=16 samples=906 cache=489/906 seconds=66.6 q/s=6.3
shard-00040.npz: games=16 samples=994 cache=475/994 seconds=68.4 q/s=7.6
shard-00033.npz: games=16 samples=902 cache=431/902 seconds=68.5 q/s=6.9
shard-00046.npz: games=16 samples=1152 cache=613/1152 seconds=70.8 q/s=7.6
shard-00038.npz: games=16 samples=1111 cache=558/1111 seconds=72.1 q/s=7.7
shard-00035.npz: games=16 samples=889 cache=391/889 seconds=73.0 q/s=6.8
shard-00047.npz: games=16 samples=1125 cache=607/1125 seconds=73.6 q/s=7.0
shard-00044.npz: games=16 samples=1251 cache=654/1251 seconds=77.7 q/s=7.7
shard-00058.npz: games=16 samples=830 cache=513/830 seconds=52.1 q/s=6.1
shard-00054.npz: games=16 samples=944 cache=603/944 seconds=54.3 q/s=6.3
shard-00057.npz: games=16 samples=1067 cache=665/1067 seconds=57.6 q/s=7.0
shard-00051.npz: games=16 samples=1034 cache=541/1034 seconds=66.3 q/s=7.4
shard-00053.npz: games=16 samples=1023 cache=538/1023 seconds=68.3 q/s=7.1
shard-00050.npz: games=16 samples=845 cache=382/845 seconds=69.1 q/s=6.7
shard-00063.npz: games=16 samples=983 cache=492/983 seconds=72.0 q/s=6.8
shard-00056.npz: games=16 samples=1139 cache=578/1139 seconds=74.5 q/s=7.5
shard-00055.npz: games=16 samples=951 cache=417/951 seconds=74.8 q/s=7.1
shard-00060.npz: games=16 samples=1010 cache=478/1010 seconds=75.2 q/s=7.1
shard-00059.npz: games=16 samples=1084 cache=527/1084 seconds=76.1 q/s=7.3
shard-00049.npz: games=16 samples=1111 cache=556/1111 seconds=76.6 q/s=7.2
shard-00048.npz: games=16 samples=1145 cache=556/1145 seconds=77.2 q/s=7.6
shard-00052.npz: games=16 samples=954 cache=376/954 seconds=79.2 q/s=7.3
shard-00061.npz: games=16 samples=1063 cache=440/1063 seconds=80.2 q/s=7.8
shard-00062.npz: games=16 samples=1086 cache=471/1086 seconds=82.2 q/s=7.5
coverage: games=1024 new=20356/50000 win=355/0 block=2607/0 fork=6059/0
shard-00078.npz: games=16 samples=902 cache=554/902 seconds=51.3 q/s=6.8
shard-00074.npz: games=16 samples=930 cache=569/930 seconds=56.1 q/s=6.4
shard-00064.npz: games=16 samples=909 cache=523/909 seconds=56.2 q/s=6.9
shard-00070.npz: games=16 samples=875 cache=490/875 seconds=58.3 q/s=6.6
shard-00077.npz: games=16 samples=1080 cache=671/1080 seconds=58.7 q/s=7.0
shard-00073.npz: games=16 samples=1120 cache=722/1120 seconds=60.2 q/s=6.6
shard-00076.npz: games=16 samples=1073 cache=650/1073 seconds=62.6 q/s=6.8
shard-00065.npz: games=16 samples=1016 cache=544/1016 seconds=66.3 q/s=7.1
shard-00071.npz: games=16 samples=1005 cache=514/1005 seconds=67.5 q/s=7.3
shard-00068.npz: games=16 samples=908 cache=434/908 seconds=68.3 q/s=6.9
shard-00069.npz: games=16 samples=1007 cache=497/1007 seconds=69.5 q/s=7.3
shard-00067.npz: games=16 samples=934 cache=423/934 seconds=70.6 q/s=7.2
shard-00072.npz: games=16 samples=976 cache=453/976 seconds=72.2 q/s=7.2
shard-00079.npz: games=16 samples=1002 cache=482/1002 seconds=72.5 q/s=7.2
shard-00066.npz: games=16 samples=1064 cache=499/1064 seconds=74.0 q/s=7.6
shard-00075.npz: games=16 samples=1233 cache=510/1233 seconds=81.4 q/s=8.9
coverage: games=1280 new=24655/50000 win=438/0 block=3197/0 fork=7543/0
shard-00090.npz: games=16 samples=895 cache=625/895 seconds=44.0 q/s=6.1
shard-00086.npz: games=16 samples=780 cache=459/780 seconds=51.0 q/s=6.3
shard-00093.npz: games=16 samples=938 cache=591/938 seconds=51.3 q/s=6.8
shard-00080.npz: games=16 samples=1029 cache=636/1029 seconds=58.2 q/s=6.8
shard-00084.npz: games=16 samples=1001 cache=562/1001 seconds=62.1 q/s=7.1
shard-00088.npz: games=16 samples=844 cache=422/844 seconds=64.8 q/s=6.5
shard-00081.npz: games=16 samples=1023 cache=573/1023 seconds=64.9 q/s=6.9
shard-00095.npz: games=16 samples=946 cache=486/946 seconds=66.1 q/s=7.0
shard-00091.npz: games=16 samples=1022 cache=554/1022 seconds=66.6 q/s=7.0
shard-00089.npz: games=16 samples=1006 cache=519/1006 seconds=67.1 q/s=7.3
shard-00094.npz: games=16 samples=914 cache=476/914 seconds=67.5 q/s=6.5
shard-00092.npz: games=16 samples=849 cache=390/849 seconds=67.8 q/s=6.8
shard-00087.npz: games=16 samples=945 cache=464/945 seconds=70.2 q/s=6.9
shard-00085.npz: games=16 samples=988 cache=451/988 seconds=71.4 q/s=7.5
shard-00082.npz: games=16 samples=977 cache=440/977 seconds=72.1 q/s=7.5
shard-00083.npz: games=16 samples=1126 cache=554/1126 seconds=72.4 q/s=7.9
coverage: games=1536 new=28621/50000 win=541/0 block=3841/0 fork=9025/0
shard-00106.npz: games=16 samples=966 cache=622/966 seconds=47.5 q/s=7.2
shard-00109.npz: games=16 samples=889 cache=549/889 seconds=50.7 q/s=6.7
shard-00107.npz: games=16 samples=915 cache=536/915 seconds=58.8 q/s=6.4
shard-00097.npz: games=16 samples=982 cache=545/982 seconds=59.1 q/s=7.4
shard-00104.npz: games=16 samples=1024 cache=605/1024 seconds=61.9 q/s=6.8
shard-00111.npz: games=16 samples=949 cache=568/949 seconds=61.9 q/s=6.2
shard-00110.npz: games=16 samples=1026 cache=594/1026 seconds=65.1 q/s=6.6
shard-00105.npz: games=16 samples=840 cache=422/840 seconds=67.8 q/s=6.2
shard-00108.npz: games=16 samples=1043 cache=590/1043 seconds=68.5 q/s=6.6
shard-00100.npz: games=16 samples=1048 cache=594/1048 seconds=70.2 q/s=6.5
shard-00096.npz: games=16 samples=1030 cache=549/1030 seconds=73.6 q/s=6.5
shard-00101.npz: games=16 samples=1130 cache=609/1130 seconds=79.0 q/s=6.6
shard-00099.npz: games=16 samples=1059 cache=524/1059 seconds=82.1 q/s=6.5
shard-00103.npz: games=16 samples=1134 cache=593/1134 seconds=82.1 q/s=6.6
shard-00098.npz: games=16 samples=1188 cache=523/1188 seconds=93.5 q/s=7.1
shard-00102.npz: games=16 samples=1108 cache=474/1108 seconds=93.6 q/s=6.8
coverage: games=1792 new=32344/50000 win=623/0 block=4441/0 fork=10508/0
shard-00114.npz: games=16 samples=918 cache=677/918 seconds=52.0 q/s=4.6
shard-00124.npz: games=16 samples=994 cache=701/994 seconds=56.6 q/s=5.2
shard-00126.npz: games=16 samples=808 cache=497/808 seconds=57.0 q/s=5.5
shard-00120.npz: games=16 samples=863 cache=547/863 seconds=63.7 q/s=5.0
shard-00113.npz: games=16 samples=809 cache=491/809 seconds=66.6 q/s=4.8
shard-00125.npz: games=16 samples=783 cache=403/783 seconds=68.3 q/s=5.6
shard-00119.npz: games=16 samples=973 cache=594/973 seconds=70.2 q/s=5.4
shard-00118.npz: games=16 samples=1120 cache=724/1120 seconds=73.3 q/s=5.4
shard-00121.npz: games=16 samples=947 cache=564/947 seconds=76.5 q/s=5.0
shard-00115.npz: games=16 samples=1016 cache=575/1016 seconds=79.0 q/s=5.6
shard-00123.npz: games=16 samples=970 cache=521/970 seconds=81.9 q/s=5.5
shard-00122.npz: games=16 samples=1092 cache=565/1092 seconds=91.2 q/s=5.8
shard-00127.npz: games=16 samples=1095 cache=557/1095 seconds=93.2 q/s=5.8
shard-00117.npz: games=16 samples=994 cache=474/994 seconds=93.8 q/s=5.5
shard-00116.npz: games=16 samples=1043 cache=483/1043 seconds=98.5 q/s=5.7
shard-00112.npz: games=16 samples=1117 cache=435/1117 seconds=107.6 q/s=6.3
coverage: games=2048 new=35843/50000 win=719/0 block=5114/0 fork=11984/0
shard-00140.npz: games=16 samples=877 cache=626/877 seconds=48.1 q/s=5.2
shard-00133.npz: games=16 samples=911 cache=556/911 seconds=60.3 q/s=5.9
shard-00143.npz: games=16 samples=885 cache=528/885 seconds=60.6 q/s=5.9
shard-00135.npz: games=16 samples=845 cache=466/845 seconds=61.9 q/s=6.1
shard-00137.npz: games=16 samples=1024 cache=580/1024 seconds=65.9 q/s=6.7
shard-00134.npz: games=16 samples=1057 cache=640/1057 seconds=66.0 q/s=6.3
shard-00130.npz: games=16 samples=1089 cache=690/1089 seconds=66.5 q/s=6.0
shard-00138.npz: games=16 samples=893 cache=472/893 seconds=68.4 q/s=6.2
shard-00142.npz: games=16 samples=920 cache=474/920 seconds=69.5 q/s=6.4
shard-00128.npz: games=16 samples=1134 cache=600/1134 seconds=72.3 q/s=7.4
shard-00132.npz: games=16 samples=1017 cache=486/1017 seconds=73.0 q/s=7.3
shard-00136.npz: games=16 samples=964 cache=477/964 seconds=74.7 q/s=6.5
shard-00141.npz: games=16 samples=1084 cache=496/1084 seconds=76.2 q/s=7.7
shard-00129.npz: games=16 samples=1008 cache=492/1008 seconds=76.3 q/s=6.8
shard-00131.npz: games=16 samples=1056 cache=438/1056 seconds=81.1 q/s=7.6
shard-00139.npz: games=16 samples=1180 cache=529/1180 seconds=82.2 q/s=7.9
coverage: games=2304 new=39541/50000 win=814/0 block=5771/0 fork=13478/0
shard-00148.npz: games=16 samples=827 cache=575/827 seconds=36.3 q/s=6.9
shard-00151.npz: games=16 samples=950 cache=586/950 seconds=48.1 q/s=7.6
shard-00144.npz: games=16 samples=824 cache=473/824 seconds=54.3 q/s=6.5
shard-00153.npz: games=16 samples=938 cache=485/938 seconds=59.1 q/s=7.7
shard-00150.npz: games=16 samples=1004 cache=569/1004 seconds=59.2 q/s=7.3
shard-00156.npz: games=16 samples=965 cache=505/965 seconds=60.5 q/s=7.6
shard-00145.npz: games=16 samples=1003 cache=527/1003 seconds=61.0 q/s=7.8
shard-00147.npz: games=16 samples=960 cache=492/960 seconds=63.3 q/s=7.4
shard-00152.npz: games=16 samples=924 cache=489/924 seconds=63.7 q/s=6.8
shard-00155.npz: games=16 samples=965 cache=492/965 seconds=64.8 q/s=7.3
shard-00154.npz: games=16 samples=1054 cache=557/1054 seconds=66.8 q/s=7.4
shard-00157.npz: games=16 samples=1035 cache=537/1035 seconds=67.2 q/s=7.4
shard-00159.npz: games=16 samples=1000 cache=479/1000 seconds=69.4 q/s=7.5
shard-00149.npz: games=16 samples=1017 cache=474/1017 seconds=70.1 q/s=7.7
shard-00158.npz: games=16 samples=1296 cache=699/1296 seconds=74.5 q/s=8.0
shard-00146.npz: games=16 samples=1158 cache=447/1158 seconds=77.7 q/s=9.1
coverage: games=2560 new=43286/50000 win=907/0 block=6420/0 fork=15006/0
shard-00166.npz: games=16 samples=964 cache=611/964 seconds=55.1 q/s=6.4
shard-00172.npz: games=16 samples=936 cache=563/936 seconds=57.4 q/s=6.5
shard-00170.npz: games=16 samples=1093 cache=685/1093 seconds=60.6 q/s=6.7
shard-00168.npz: games=16 samples=936 cache=534/936 seconds=62.8 q/s=6.4
shard-00161.npz: games=16 samples=888 cache=482/888 seconds=63.4 q/s=6.4
shard-00160.npz: games=16 samples=1100 cache=616/1100 seconds=68.1 q/s=7.1
shard-00167.npz: games=16 samples=1059 cache=553/1059 seconds=69.4 q/s=7.3
shard-00162.npz: games=16 samples=900 cache=424/900 seconds=69.6 q/s=6.8
shard-00175.npz: games=16 samples=963 cache=461/963 seconds=72.1 q/s=7.0
shard-00171.npz: games=16 samples=1053 cache=539/1053 seconds=74.8 q/s=6.9
shard-00174.npz: games=16 samples=1170 cache=632/1170 seconds=75.4 q/s=7.1
shard-00163.npz: games=16 samples=1172 cache=578/1172 seconds=77.5 q/s=7.7
shard-00165.npz: games=16 samples=1090 cache=511/1090 seconds=77.8 q/s=7.4
shard-00169.npz: games=16 samples=1065 cache=475/1065 seconds=78.9 q/s=7.5
shard-00173.npz: games=16 samples=1084 cache=450/1084 seconds=81.0 q/s=7.8
shard-00164.npz: games=16 samples=1238 cache=526/1238 seconds=83.3 q/s=8.5
coverage: games=2816 new=47020/50000 win=984/0 block=7067/0 fork=16529/0
shard-00184.npz: games=16 samples=816 cache=566/816 seconds=38.3 q/s=6.5
shard-00180.npz: games=16 samples=1013 cache=644/1013 seconds=49.9 q/s=7.4
shard-00187.npz: games=16 samples=906 cache=534/906 seconds=52.7 q/s=7.1
shard-00191.npz: games=16 samples=1009 cache=613/1009 seconds=56.3 q/s=7.0
shard-00190.npz: games=16 samples=1032 cache=634/1032 seconds=56.7 q/s=7.0
shard-00186.npz: games=16 samples=1001 cache=592/1001 seconds=59.2 q/s=6.9
shard-00183.npz: games=16 samples=992 cache=576/992 seconds=60.0 q/s=6.9
shard-00176.npz: games=16 samples=900 cache=470/900 seconds=60.2 q/s=7.1
shard-00177.npz: games=16 samples=1090 cache=689/1090 seconds=60.4 q/s=6.6
shard-00182.npz: games=16 samples=867 cache=413/867 seconds=64.4 q/s=7.1
shard-00181.npz: games=16 samples=1034 cache=567/1034 seconds=65.6 q/s=7.1
shard-00179.npz: games=16 samples=1064 cache=536/1064 seconds=69.5 q/s=7.6
shard-00178.npz: games=16 samples=1014 cache=482/1014 seconds=70.1 q/s=7.6
shard-00185.npz: games=16 samples=1007 cache=449/1007 seconds=71.7 q/s=7.8
shard-00189.npz: games=16 samples=1078 cache=496/1078 seconds=72.3 q/s=8.1
shard-00188.npz: games=16 samples=1103 cache=524/1103 seconds=73.0 q/s=7.9
coverage: games=3072 new=50375/50000 win=1073/0 block=7678/0 fork=18014/0
!!!!!!!!!!!!!!!! 数据多样性量化结果 !!!!!!!!!!!!!!!!
!!!!!!!!!!!!!!!! 有效轨迹比例：20.51%（越高越好） !!!!!!!!!!!!!!!!
!!!!!!!!!!!!!!!! 最大单一轨迹占比：4.69%（越低越好） !!!!!!!!!!!!!!!!
!!!!!!!!!!!!!!!! 独特状态比例：31.14%（越高越好） !!!!!!!!!!!!!!!!
!!!!!!!!!!!!!!!! 数据质量结论：可接受，多样性良好 !!!!!!!!!!!!!!!!
complete: samples=192208 cache_hit_rate=0.535 expert_queries=89295
