shard-00006.npz: games=16 samples=869 cache=692/869 seconds=31.2 q/s=5.7
shard-00004.npz: games=16 samples=867 cache=681/867 seconds=34.5 q/s=5.4
shard-00010.npz: games=16 samples=1000 cache=763/1000 seconds=35.4 q/s=6.7
shard-00003.npz: games=16 samples=856 cache=600/856 seconds=40.6 q/s=6.3
shard-00014.npz: games=16 samples=906 cache=591/906 seconds=45.3 q/s=7.0
shard-00013.npz: games=16 samples=969 cache=679/969 seconds=46.1 q/s=6.3
shard-00012.npz: games=16 samples=826 cache=534/826 seconds=46.7 q/s=6.2
shard-00000.npz: games=16 samples=905 cache=579/905 seconds=47.0 q/s=6.9
shard-00005.npz: games=16 samples=957 cache=632/957 seconds=47.3 q/s=6.9
shard-00001.npz: games=16 samples=1192 cache=878/1192 seconds=47.4 q/s=6.6
shard-00015.npz: games=16 samples=922 cache=584/922 seconds=49.3 q/s=6.9
shard-00009.npz: games=16 samples=915 cache=595/915 seconds=49.7 q/s=6.4
shard-00007.npz: games=16 samples=829 cache=446/829 seconds=51.5 q/s=7.4
shard-00008.npz: games=16 samples=945 cache=583/945 seconds=52.4 q/s=6.9
shard-00002.npz: games=16 samples=915 cache=591/915 seconds=52.5 q/s=6.2
shard-00011.npz: games=16 samples=990 cache=628/990 seconds=52.6 q/s=6.9
shard-00029.npz: games=16 samples=753 cache=562/753 seconds=34.9 q/s=5.5
shard-00028.npz: games=16 samples=1023 cache=801/1023 seconds=39.4 q/s=5.6
shard-00031.npz: games=16 samples=1162 cache=918/1162 seconds=41.2 q/s=5.9
shard-00017.npz: games=16 samples=855 cache=588/855 seconds=44.8 q/s=6.0
shard-00019.npz: games=16 samples=979 cache=662/979 seconds=49.3 q/s=6.4
shard-00025.npz: games=16 samples=908 cache=555/908 seconds=49.5 q/s=7.1
shard-00016.npz: games=16 samples=804 cache=498/804 seconds=49.5 q/s=6.2
shard-00018.npz: games=16 samples=910 cache=540/910 seconds=52.7 q/s=7.0
shard-00021.npz: games=16 samples=823 cache=487/823 seconds=53.0 q/s=6.3
shard-00024.npz: games=16 samples=887 cache=508/887 seconds=54.7 q/s=6.9
shard-00026.npz: games=16 samples=1066 cache=628/1066 seconds=56.5 q/s=7.8
shard-00030.npz: games=16 samples=1074 cache=674/1074 seconds=56.5 q/s=7.1
shard-00027.npz: games=16 samples=1038 cache=677/1038 seconds=57.2 q/s=6.3
shard-00020.npz: games=16 samples=1073 cache=676/1073 seconds=58.2 q/s=6.8
shard-00023.npz: games=16 samples=1048 cache=626/1048 seconds=60.1 q/s=7.0
shard-00022.npz: games=16 samples=1094 cache=538/1094 seconds=66.1 q/s=8.4
shard-00044.npz: games=16 samples=806 cache=664/806 seconds=24.4 q/s=5.8
shard-00033.npz: games=16 samples=855 cache=661/855 seconds=32.9 q/s=5.9
shard-00032.npz: games=16 samples=688 cache=501/688 seconds=33.0 q/s=5.7
shard-00043.npz: games=16 samples=899 cache=659/899 seconds=36.4 q/s=6.6
shard-00037.npz: games=16 samples=1036 cache=767/1036 seconds=38.9 q/s=6.9
shard-00039.npz: games=16 samples=882 cache=566/882 seconds=43.8 q/s=7.2
shard-00045.npz: games=16 samples=700 cache=412/700 seconds=44.3 q/s=6.5
shard-00040.npz: games=16 samples=1028 cache=707/1028 seconds=46.5 q/s=6.9
shard-00036.npz: games=16 samples=940 cache=607/940 seconds=46.8 q/s=7.1
shard-00046.npz: games=16 samples=821 cache=478/821 seconds=46.9 q/s=7.3
shard-00047.npz: games=16 samples=957 cache=673/957 seconds=47.7 q/s=6.0
shard-00034.npz: games=16 samples=979 cache=641/979 seconds=48.2 q/s=7.0
shard-00038.npz: games=16 samples=908 cache=567/908 seconds=48.8 q/s=7.0
shard-00035.npz: games=16 samples=989 cache=638/989 seconds=49.7 q/s=7.1
shard-00042.npz: games=16 samples=862 cache=456/862 seconds=51.2 q/s=7.9
shard-00041.npz: games=16 samples=1098 cache=669/1098 seconds=53.1 q/s=8.1
shard-00054.npz: games=16 samples=986 cache=875/986 seconds=24.4 q/s=4.5
shard-00057.npz: games=16 samples=1016 cache=832/1016 seconds=34.4 q/s=5.4
shard-00060.npz: games=16 samples=807 cache=559/807 seconds=37.5 q/s=6.6
shard-00050.npz: games=16 samples=976 cache=716/976 seconds=44.9 q/s=5.8
shard-00061.npz: games=16 samples=765 cache=506/765 seconds=45.1 q/s=5.7
shard-00063.npz: games=16 samples=808 cache=539/808 seconds=45.2 q/s=6.0
shard-00055.npz: games=16 samples=957 cache=668/957 seconds=48.2 q/s=6.0
shard-00049.npz: games=16 samples=945 cache=591/945 seconds=50.2 q/s=7.1
shard-00056.npz: games=16 samples=1032 cache=717/1032 seconds=50.3 q/s=6.3
shard-00058.npz: games=16 samples=933 cache=601/933 seconds=51.7 q/s=6.4
shard-00048.npz: games=16 samples=958 cache=594/958 seconds=52.7 q/s=6.9
shard-00051.npz: games=16 samples=983 cache=639/983 seconds=53.7 q/s=6.4
shard-00053.npz: games=16 samples=955 cache=538/955 seconds=58.7 q/s=7.1
shard-00062.npz: games=16 samples=1076 cache=600/1076 seconds=59.9 q/s=7.9
shard-00059.npz: games=16 samples=1037 cache=594/1037 seconds=60.6 q/s=7.3
shard-00052.npz: games=16 samples=915 cache=439/915 seconds=61.6 q/s=7.7
coverage: games=1024 new=15343/50000 win=447/0 block=2912/0 fork=6093/0
shard-00070.npz: games=16 samples=874 cache=620/874 seconds=43.4 q/s=5.9
shard-00072.npz: games=16 samples=740 cache=464/740 seconds=46.4 q/s=5.9
shard-00075.npz: games=16 samples=881 cache=610/881 seconds=47.7 q/s=5.7
shard-00068.npz: games=16 samples=928 cache=602/928 seconds=53.9 q/s=6.1
shard-00064.npz: games=16 samples=931 cache=590/931 seconds=58.0 q/s=5.9
shard-00077.npz: games=16 samples=840 cache=457/840 seconds=58.2 q/s=6.6
shard-00073.npz: games=16 samples=1082 cache=711/1082 seconds=59.5 q/s=6.2
shard-00071.npz: games=16 samples=1084 cache=720/1084 seconds=60.2 q/s=6.0
shard-00078.npz: games=16 samples=967 cache=558/967 seconds=62.0 q/s=6.6
shard-00076.npz: games=16 samples=949 cache=550/949 seconds=62.2 q/s=6.4
shard-00079.npz: games=16 samples=942 cache=546/942 seconds=62.5 q/s=6.3
shard-00074.npz: games=16 samples=1123 cache=685/1123 seconds=63.8 q/s=6.9
shard-00069.npz: games=16 samples=1006 cache=556/1006 seconds=65.5 q/s=6.9
shard-00066.npz: games=16 samples=1236 cache=832/1236 seconds=67.6 q/s=6.0
shard-00065.npz: games=16 samples=1023 cache=491/1023 seconds=70.6 q/s=7.5
shard-00067.npz: games=16 samples=1188 cache=631/1188 seconds=71.3 q/s=7.8
coverage: games=1280 new=19920/50000 win=545/0 block=3583/0 fork=7633/0
shard-00088.npz: games=16 samples=804 cache=666/804 seconds=25.7 q/s=5.4
shard-00083.npz: games=16 samples=916 cache=748/916 seconds=31.1 q/s=5.4
shard-00081.npz: games=16 samples=800 cache=596/800 seconds=35.3 q/s=5.8
shard-00084.npz: games=16 samples=940 cache=680/940 seconds=41.1 q/s=6.3
shard-00091.npz: games=16 samples=730 cache=475/730 seconds=41.7 q/s=6.1
shard-00087.npz: games=16 samples=1003 cache=751/1003 seconds=43.3 q/s=5.8
shard-00082.npz: games=16 samples=784 cache=531/784 seconds=43.5 q/s=5.8
shard-00080.npz: games=16 samples=1014 cache=712/1014 seconds=45.2 q/s=6.7
shard-00095.npz: games=16 samples=763 cache=451/763 seconds=46.3 q/s=6.7
shard-00093.npz: games=16 samples=953 cache=627/953 seconds=48.8 q/s=6.7
shard-00089.npz: games=16 samples=928 cache=587/928 seconds=50.7 q/s=6.7
shard-00090.npz: games=16 samples=1010 cache=591/1010 seconds=55.3 q/s=7.6
shard-00086.npz: games=16 samples=1029 cache=521/1029 seconds=58.8 q/s=8.6
shard-00094.npz: games=16 samples=1130 cache=602/1130 seconds=60.0 q/s=8.8
shard-00085.npz: games=16 samples=1030 cache=525/1030 seconds=61.1 q/s=8.3
shard-00092.npz: games=16 samples=1210 cache=528/1210 seconds=70.6 q/s=9.7
coverage: games=1536 new=23458/50000 win=653/0 block=4305/0 fork=9159/0
shard-00101.npz: games=16 samples=879 cache=746/879 seconds=23.9 q/s=5.6
shard-00105.npz: games=16 samples=650 cache=463/650 seconds=31.9 q/s=5.9
shard-00100.npz: games=16 samples=814 cache=559/814 seconds=39.6 q/s=6.4
shard-00107.npz: games=16 samples=873 cache=633/873 seconds=40.6 q/s=5.9
shard-00104.npz: games=16 samples=822 cache=526/822 seconds=46.2 q/s=6.4
shard-00097.npz: games=16 samples=879 cache=585/879 seconds=47.6 q/s=6.2
shard-00102.npz: games=16 samples=895 cache=547/895 seconds=48.5 q/s=7.2
shard-00108.npz: games=16 samples=1029 cache=742/1029 seconds=49.3 q/s=5.8
shard-00110.npz: games=16 samples=1137 cache=844/1137 seconds=49.6 q/s=5.9
shard-00098.npz: games=16 samples=902 cache=554/902 seconds=50.8 q/s=6.8
shard-00103.npz: games=16 samples=1079 cache=702/1079 seconds=51.3 q/s=7.4
shard-00096.npz: games=16 samples=731 cache=381/731 seconds=52.2 q/s=6.7
shard-00109.npz: games=16 samples=1038 cache=635/1038 seconds=53.2 q/s=7.6
shard-00106.npz: games=16 samples=947 cache=551/947 seconds=54.3 q/s=7.3
shard-00111.npz: games=16 samples=798 cache=382/798 seconds=55.3 q/s=7.5
shard-00099.npz: games=16 samples=1037 cache=646/1037 seconds=55.3 q/s=7.1
coverage: games=1792 new=26769/50000 win=771/0 block=5033/0 fork=10632/0
shard-00123.npz: games=16 samples=691 cache=544/691 seconds=28.0 q/s=5.2
shard-00120.npz: games=16 samples=918 cache=759/918 seconds=30.6 q/s=5.2
shard-00127.npz: games=16 samples=734 cache=572/734 seconds=31.2 q/s=5.2
shard-00126.npz: games=16 samples=824 cache=664/824 seconds=34.9 q/s=4.6
shard-00124.npz: games=16 samples=830 cache=604/830 seconds=37.8 q/s=6.0
shard-00114.npz: games=16 samples=972 cache=725/972 seconds=40.4 q/s=6.1
shard-00116.npz: games=16 samples=901 cache=641/901 seconds=40.6 q/s=6.4
shard-00122.npz: games=16 samples=890 cache=606/890 seconds=43.5 q/s=6.5
shard-00113.npz: games=16 samples=937 cache=618/937 seconds=47.4 q/s=6.7
shard-00117.npz: games=16 samples=898 cache=572/898 seconds=47.5 q/s=6.9
shard-00121.npz: games=16 samples=934 cache=565/934 seconds=49.5 q/s=7.5
shard-00112.npz: games=16 samples=928 cache=518/928 seconds=53.4 q/s=7.7
shard-00119.npz: games=16 samples=916 cache=501/916 seconds=55.3 q/s=7.5
shard-00115.npz: games=16 samples=951 cache=525/951 seconds=55.9 q/s=7.6
shard-00118.npz: games=16 samples=877 cache=403/877 seconds=57.4 q/s=8.3
shard-00125.npz: games=16 samples=1129 cache=494/1129 seconds=69.1 q/s=9.2
coverage: games=2048 new=30050/50000 win=892/0 block=5728/0 fork=12170/0
shard-00133.npz: games=16 samples=1008 cache=807/1008 seconds=34.3 q/s=5.9
shard-00134.npz: games=16 samples=1022 cache=791/1022 seconds=35.9 q/s=6.4
shard-00132.npz: games=16 samples=915 cache=725/915 seconds=38.3 q/s=5.0
shard-00141.npz: games=16 samples=927 cache=648/927 seconds=40.1 q/s=7.0
shard-00130.npz: games=16 samples=796 cache=508/796 seconds=43.6 q/s=6.6
shard-00129.npz: games=16 samples=956 cache=619/956 seconds=45.3 q/s=7.4
shard-00143.npz: games=16 samples=1072 cache=810/1072 seconds=45.9 q/s=5.7
shard-00135.npz: games=16 samples=1008 cache=681/1008 seconds=47.5 q/s=6.9
shard-00137.npz: games=16 samples=924 cache=598/924 seconds=49.3 q/s=6.6
shard-00138.npz: games=16 samples=928 cache=571/928 seconds=49.6 q/s=7.2
shard-00128.npz: games=16 samples=915 cache=535/915 seconds=52.2 q/s=7.3
shard-00136.npz: games=16 samples=1026 cache=661/1026 seconds=52.8 q/s=6.9
shard-00140.npz: games=16 samples=942 cache=576/942 seconds=53.0 q/s=6.9
shard-00139.npz: games=16 samples=1193 cache=761/1193 seconds=55.0 q/s=7.9
shard-00142.npz: games=16 samples=980 cache=556/980 seconds=56.7 q/s=7.5
shard-00131.npz: games=16 samples=829 cache=367/829 seconds=58.4 q/s=7.9
coverage: games=2304 new=33218/50000 win=995/0 block=6442/0 fork=13676/0
shard-00157.npz: games=16 samples=866 cache=690/866 seconds=37.1 q/s=4.7
shard-00156.npz: games=16 samples=834 cache=613/834 seconds=38.2 q/s=5.8
shard-00148.npz: games=16 samples=742 cache=535/742 seconds=39.8 q/s=5.2
shard-00154.npz: games=16 samples=818 cache=585/818 seconds=41.9 q/s=5.6
shard-00151.npz: games=16 samples=869 cache=599/869 seconds=44.7 q/s=6.0
shard-00153.npz: games=16 samples=907 cache=684/907 seconds=45.0 q/s=5.0
shard-00159.npz: games=16 samples=958 cache=672/958 seconds=51.1 q/s=5.6
shard-00144.npz: games=16 samples=873 cache=562/873 seconds=52.3 q/s=5.9
shard-00149.npz: games=16 samples=973 cache=624/973 seconds=52.3 q/s=6.7
shard-00150.npz: games=16 samples=902 cache=550/902 seconds=52.6 q/s=6.7
shard-00146.npz: games=16 samples=979 cache=617/979 seconds=54.6 q/s=6.6
shard-00145.npz: games=16 samples=970 cache=587/970 seconds=56.7 q/s=6.8
shard-00158.npz: games=16 samples=886 cache=471/886 seconds=60.8 q/s=6.8
shard-00152.npz: games=16 samples=1016 cache=547/1016 seconds=61.5 q/s=7.6
shard-00155.npz: games=16 samples=1021 cache=519/1021 seconds=63.4 q/s=7.9
shard-00147.npz: games=16 samples=966 cache=471/966 seconds=66.7 q/s=7.4
coverage: games=2560 new=36609/50000 win=1110/0 block=7111/0 fork=15154/0
shard-00164.npz: games=16 samples=872 cache=727/872 seconds=31.7 q/s=4.6
shard-00165.npz: games=16 samples=898 cache=675/898 seconds=35.2 q/s=6.3
shard-00172.npz: games=16 samples=964 cache=777/964 seconds=36.2 q/s=5.2
shard-00170.npz: games=16 samples=698 cache=491/698 seconds=37.7 q/s=5.5
shard-00171.npz: games=16 samples=896 cache=650/896 seconds=38.5 q/s=6.4
shard-00160.npz: games=16 samples=863 cache=628/863 seconds=41.4 q/s=5.7
shard-00161.npz: games=16 samples=962 cache=716/962 seconds=42.7 q/s=5.8
shard-00166.npz: games=16 samples=918 cache=584/918 seconds=48.2 q/s=6.9
shard-00167.npz: games=16 samples=916 cache=596/916 seconds=48.4 q/s=6.6
shard-00169.npz: games=16 samples=916 cache=615/916 seconds=48.7 q/s=6.2
shard-00175.npz: games=16 samples=824 cache=536/824 seconds=49.1 q/s=5.9
shard-00168.npz: games=16 samples=988 cache=681/988 seconds=49.9 q/s=6.2
shard-00174.npz: games=16 samples=791 cache=463/791 seconds=51.9 q/s=6.3
shard-00162.npz: games=16 samples=821 cache=400/821 seconds=54.4 q/s=7.7
shard-00163.npz: games=16 samples=1144 cache=669/1144 seconds=60.0 q/s=7.9
shard-00173.npz: games=16 samples=1136 cache=644/1136 seconds=60.5 q/s=8.1
coverage: games=2816 new=39635/50000 win=1224/0 block=7798/0 fork=16606/0
shard-00183.npz: games=16 samples=797 cache=652/797 seconds=28.4 q/s=5.1
shard-00177.npz: games=16 samples=964 cache=702/964 seconds=45.2 q/s=5.8
shard-00186.npz: games=16 samples=819 cache=524/819 seconds=46.7 q/s=6.3
shard-00182.npz: games=16 samples=817 cache=522/817 seconds=46.9 q/s=6.3
shard-00184.npz: games=16 samples=956 cache=664/956 seconds=47.2 q/s=6.2
shard-00189.npz: games=16 samples=1072 cache=739/1072 seconds=51.0 q/s=6.5
shard-00180.npz: games=16 samples=975 cache=666/975 seconds=52.4 q/s=5.9
shard-00191.npz: games=16 samples=906 cache=532/906 seconds=54.5 q/s=6.9
shard-00188.npz: games=16 samples=971 cache=623/971 seconds=56.7 q/s=6.1
shard-00179.npz: games=16 samples=1014 cache=673/1014 seconds=57.0 q/s=6.0
shard-00190.npz: games=16 samples=1116 cache=734/1116 seconds=58.4 q/s=6.5
shard-00181.npz: games=16 samples=977 cache=607/977 seconds=58.7 q/s=6.3
shard-00185.npz: games=16 samples=910 cache=504/910 seconds=58.9 q/s=6.9
shard-00187.npz: games=16 samples=1006 cache=589/1006 seconds=59.8 q/s=7.0
shard-00178.npz: games=16 samples=989 cache=550/989 seconds=61.3 q/s=7.2
shard-00176.npz: games=16 samples=998 cache=552/998 seconds=62.0 q/s=7.2
coverage: games=3072 new=43029/50000 win=1327/0 block=8537/0 fork=18119/0
shard-00194.npz: games=16 samples=733 cache=601/733 seconds=24.9 q/s=5.3
shard-00196.npz: games=16 samples=804 cache=597/804 seconds=36.8 q/s=5.6
shard-00199.npz: games=16 samples=851 cache=618/851 seconds=41.4 q/s=5.6
shard-00203.npz: games=16 samples=993 cache=759/993 seconds=45.6 q/s=5.1
shard-00193.npz: games=16 samples=923 cache=631/923 seconds=47.2 q/s=6.2
shard-00197.npz: games=16 samples=858 cache=566/858 seconds=49.8 q/s=5.9
shard-00206.npz: games=16 samples=915 cache=609/915 seconds=50.6 q/s=6.1
shard-00205.npz: games=16 samples=840 cache=514/840 seconds=51.0 q/s=6.4
shard-00201.npz: games=16 samples=1030 cache=675/1030 seconds=53.5 q/s=6.6
shard-00200.npz: games=16 samples=962 cache=655/962 seconds=54.1 q/s=5.7
shard-00198.npz: games=16 samples=1020 cache=637/1020 seconds=54.8 q/s=7.0
shard-00207.npz: games=16 samples=1062 cache=692/1062 seconds=55.1 q/s=6.7
shard-00195.npz: games=16 samples=919 cache=554/919 seconds=56.1 q/s=6.5
shard-00204.npz: games=16 samples=898 cache=531/898 seconds=56.8 q/s=6.5
shard-00192.npz: games=16 samples=1003 cache=562/1003 seconds=62.2 q/s=7.1
shard-00202.npz: games=16 samples=1083 cache=359/1083 seconds=78.0 q/s=9.3
coverage: games=3328 new=46336/50000 win=1436/0 block=9231/0 fork=19586/0
shard-00223.npz: games=16 samples=914 cache=770/914 seconds=26.4 q/s=5.4
shard-00210.npz: games=16 samples=1012 cache=799/1012 seconds=38.3 q/s=5.6
shard-00212.npz: games=16 samples=929 cache=712/929 seconds=40.0 q/s=5.4
shard-00219.npz: games=16 samples=1059 cache=806/1059 seconds=44.1 q/s=5.7
shard-00213.npz: games=16 samples=1002 cache=701/1002 seconds=45.1 q/s=6.7
shard-00214.npz: games=16 samples=1016 cache=701/1016 seconds=46.0 q/s=6.9
shard-00220.npz: games=16 samples=1082 cache=811/1082 seconds=49.6 q/s=5.5
shard-00209.npz: games=16 samples=1033 cache=680/1033 seconds=52.6 q/s=6.7
shard-00217.npz: games=16 samples=1190 cache=791/1190 seconds=52.7 q/s=7.6
shard-00211.npz: games=16 samples=998 cache=645/998 seconds=52.7 q/s=6.7
shard-00216.npz: games=16 samples=1089 cache=755/1089 seconds=54.0 q/s=6.2
shard-00218.npz: games=16 samples=1051 cache=672/1051 seconds=54.1 q/s=7.0
shard-00215.npz: games=16 samples=844 cache=492/844 seconds=54.5 q/s=6.5
shard-00221.npz: games=16 samples=1079 cache=632/1079 seconds=60.1 q/s=7.4
shard-00208.npz: games=16 samples=848 cache=418/848 seconds=60.5 q/s=7.1
shard-00222.npz: games=16 samples=1085 cache=574/1085 seconds=61.4 q/s=8.3
coverage: games=3584 new=49180/50000 win=1527/0 block=9984/0 fork=21110/0
shard-00224.npz: games=16 samples=854 cache=591/854 seconds=47.8 q/s=5.5
shard-00230.npz: games=16 samples=956 cache=653/956 seconds=54.5 q/s=5.6
shard-00239.npz: games=16 samples=860 cache=508/860 seconds=55.3 q/s=6.4
shard-00225.npz: games=16 samples=794 cache=471/794 seconds=55.4 q/s=5.8
shard-00233.npz: games=16 samples=1003 cache=650/1003 seconds=56.5 q/s=6.2
shard-00232.npz: games=16 samples=1137 cache=784/1137 seconds=57.0 q/s=6.2
shard-00227.npz: games=16 samples=1057 cache=702/1057 seconds=57.0 q/s=6.2
shard-00226.npz: games=16 samples=833 cache=465/833 seconds=59.1 q/s=6.2
shard-00231.npz: games=16 samples=1060 cache=663/1060 seconds=61.4 q/s=6.5
shard-00236.npz: games=16 samples=862 cache=470/862 seconds=63.7 q/s=6.2
shard-00235.npz: games=16 samples=964 cache=537/964 seconds=63.9 q/s=6.7
shard-00228.npz: games=16 samples=901 cache=486/901 seconds=64.4 q/s=6.4
shard-00238.npz: games=16 samples=883 cache=432/883 seconds=64.5 q/s=7.0
shard-00234.npz: games=16 samples=898 cache=472/898 seconds=64.8 q/s=6.6
shard-00229.npz: games=16 samples=1095 cache=662/1095 seconds=66.1 q/s=6.6
shard-00237.npz: games=16 samples=1015 cache=528/1015 seconds=67.2 q/s=7.2
coverage: games=3840 new=53074/50000 win=1630/0 block=10678/0 fork=22644/0
!!!!!!!!!!!!!!!! 数据多样性量化结果 !!!!!!!!!!!!!!!!
!!!!!!!!!!!!!!!! 有效轨迹比例：15.18%（越高越好） !!!!!!!!!!!!!!!!
!!!!!!!!!!!!!!!! 最大单一轨迹占比：6.02%（越低越好） !!!!!!!!!!!!!!!!
!!!!!!!!!!!!!!!! 独特状态比例：30.57%（越高越好） !!!!!!!!!!!!!!!!
!!!!!!!!!!!!!!!! 数据质量结论：可接受，多样性良好 !!!!!!!!!!!!!!!!
complete: samples=225847 cache_hit_rate=0.649 expert_queries=79340
