shard-00014.npz: games=16 samples=814 cache=209/814 seconds=88.1 q/s=6.9
shard-00000.npz: games=16 samples=729 cache=69/729 seconds=94.2 q/s=7.0
shard-00001.npz: games=16 samples=877 cache=212/877 seconds=95.9 q/s=6.9
shard-00005.npz: games=16 samples=894 cache=209/894 seconds=96.6 q/s=7.1
shard-00003.npz: games=16 samples=965 cache=262/965 seconds=97.6 q/s=7.2
shard-00009.npz: games=16 samples=790 cache=72/790 seconds=100.9 q/s=7.1
shard-00007.npz: games=16 samples=800 cache=54/800 seconds=102.8 q/s=7.3
shard-00010.npz: games=16 samples=856 cache=132/856 seconds=103.2 q/s=7.0
shard-00013.npz: games=16 samples=889 cache=80/889 seconds=107.6 q/s=7.5
shard-00011.npz: games=16 samples=924 cache=132/924 seconds=107.9 q/s=7.3
shard-00015.npz: games=16 samples=878 cache=93/878 seconds=109.2 q/s=7.2
shard-00012.npz: games=16 samples=904 cache=58/904 seconds=109.6 q/s=7.7
shard-00002.npz: games=16 samples=966 cache=129/966 seconds=112.5 q/s=7.4
shard-00006.npz: games=16 samples=956 cache=65/956 seconds=112.8 q/s=7.9
shard-00008.npz: games=16 samples=966 cache=59/966 seconds=113.0 q/s=8.0
shard-00004.npz: games=16 samples=1072 cache=128/1072 seconds=114.0 q/s=8.3
shard-00018.npz: games=16 samples=722 cache=127/722 seconds=96.0 q/s=6.2
shard-00023.npz: games=16 samples=725 cache=137/725 seconds=96.9 q/s=6.1
shard-00016.npz: games=16 samples=811 cache=157/811 seconds=102.7 q/s=6.4
shard-00022.npz: games=16 samples=838 cache=71/838 seconds=111.0 q/s=6.9
shard-00031.npz: games=16 samples=955 cache=212/955 seconds=113.1 q/s=6.6
shard-00030.npz: games=16 samples=846 cache=67/846 seconds=113.7 q/s=6.9
shard-00024.npz: games=16 samples=996 cache=229/996 seconds=114.8 q/s=6.7
shard-00028.npz: games=16 samples=839 cache=77/839 seconds=116.2 q/s=6.6
shard-00025.npz: games=16 samples=884 cache=64/884 seconds=116.9 q/s=7.0
shard-00017.npz: games=16 samples=903 cache=62/903 seconds=119.4 q/s=7.0
shard-00029.npz: games=16 samples=974 cache=135/974 seconds=120.1 q/s=7.0
shard-00019.npz: games=16 samples=988 cache=137/988 seconds=120.9 q/s=7.0
shard-00020.npz: games=16 samples=946 cache=54/946 seconds=122.0 q/s=7.3
shard-00026.npz: games=16 samples=947 cache=66/947 seconds=122.8 q/s=7.2
shard-00027.npz: games=16 samples=1018 cache=63/1018 seconds=126.3 q/s=7.6
shard-00021.npz: games=16 samples=1147 cache=59/1147 seconds=132.8 q/s=8.2
shard-00046.npz: games=16 samples=652 cache=99/652 seconds=87.2 q/s=6.3
shard-00034.npz: games=16 samples=677 cache=61/677 seconds=95.0 q/s=6.5
shard-00044.npz: games=16 samples=775 cache=133/775 seconds=100.4 q/s=6.4
shard-00041.npz: games=16 samples=801 cache=134/801 seconds=101.6 q/s=6.6
shard-00043.npz: games=16 samples=729 cache=84/729 seconds=102.3 q/s=6.3
shard-00033.npz: games=16 samples=882 cache=144/882 seconds=107.1 q/s=6.9
shard-00039.npz: games=16 samples=851 cache=136/851 seconds=107.8 q/s=6.6
shard-00036.npz: games=16 samples=806 cache=73/806 seconds=108.7 q/s=6.7
shard-00032.npz: games=16 samples=826 cache=71/826 seconds=108.8 q/s=6.9
shard-00042.npz: games=16 samples=833 cache=49/833 seconds=110.0 q/s=7.1
shard-00037.npz: games=16 samples=819 cache=55/819 seconds=110.8 q/s=6.9
shard-00045.npz: games=16 samples=925 cache=87/925 seconds=115.8 q/s=7.2
shard-00040.npz: games=16 samples=904 cache=61/904 seconds=117.6 q/s=7.2
shard-00035.npz: games=16 samples=919 cache=47/919 seconds=118.0 q/s=7.4
shard-00038.npz: games=16 samples=1010 cache=53/1010 seconds=119.9 q/s=8.0
shard-00047.npz: games=16 samples=1030 cache=120/1030 seconds=122.0 q/s=7.5
shard-00059.npz: games=16 samples=647 cache=58/647 seconds=100.4 q/s=5.9
shard-00054.npz: games=16 samples=896 cache=202/896 seconds=108.2 q/s=6.4
shard-00060.npz: games=16 samples=723 cache=51/723 seconds=108.7 q/s=6.2
shard-00056.npz: games=16 samples=785 cache=75/785 seconds=115.1 q/s=6.2
shard-00048.npz: games=16 samples=801 cache=60/801 seconds=115.5 q/s=6.4
shard-00055.npz: games=16 samples=878 cache=156/878 seconds=117.1 q/s=6.2
shard-00050.npz: games=16 samples=807 cache=69/807 seconds=117.4 q/s=6.3
shard-00052.npz: games=16 samples=810 cache=56/810 seconds=117.4 q/s=6.4
shard-00051.npz: games=16 samples=890 cache=141/890 seconds=118.5 q/s=6.3
shard-00058.npz: games=16 samples=791 cache=52/791 seconds=119.1 q/s=6.2
shard-00057.npz: games=16 samples=947 cache=152/947 seconds=120.1 q/s=6.6
shard-00053.npz: games=16 samples=896 cache=79/896 seconds=121.5 q/s=6.7
shard-00049.npz: games=16 samples=978 cache=147/978 seconds=121.9 q/s=6.8
shard-00062.npz: games=16 samples=923 cache=55/923 seconds=125.8 q/s=6.9
shard-00063.npz: games=16 samples=1030 cache=157/1030 seconds=125.9 q/s=6.9
shard-00061.npz: games=16 samples=1009 cache=135/1009 seconds=126.5 q/s=6.9
shard-00073.npz: games=16 samples=638 cache=131/638 seconds=84.1 q/s=6.0
shard-00066.npz: games=16 samples=655 cache=87/655 seconds=98.2 q/s=5.8
shard-00079.npz: games=16 samples=675 cache=84/675 seconds=101.0 q/s=5.9
shard-00064.npz: games=16 samples=736 cache=88/736 seconds=106.9 q/s=6.1
shard-00069.npz: games=16 samples=755 cache=84/755 seconds=108.2 q/s=6.2
shard-00074.npz: games=16 samples=745 cache=59/745 seconds=113.1 q/s=6.1
shard-00068.npz: games=16 samples=813 cache=84/813 seconds=114.2 q/s=6.4
shard-00067.npz: games=16 samples=931 cache=205/931 seconds=115.7 q/s=6.3
shard-00072.npz: games=16 samples=794 cache=62/794 seconds=116.2 q/s=6.3
shard-00076.npz: games=16 samples=833 cache=56/833 seconds=119.0 q/s=6.5
shard-00065.npz: games=16 samples=899 cache=92/899 seconds=119.0 q/s=6.8
shard-00075.npz: games=16 samples=882 cache=85/882 seconds=119.4 q/s=6.7
shard-00070.npz: games=16 samples=917 cache=52/917 seconds=124.0 q/s=7.0
shard-00071.npz: games=16 samples=960 cache=52/960 seconds=124.4 q/s=7.3
shard-00077.npz: games=16 samples=971 cache=67/971 seconds=125.0 q/s=7.2
shard-00078.npz: games=16 samples=1052 cache=63/1052 seconds=129.3 q/s=7.6
shard-00090.npz: games=16 samples=715 cache=155/715 seconds=90.8 q/s=6.2
shard-00084.npz: games=16 samples=902 cache=217/902 seconds=101.5 q/s=6.8
shard-00092.npz: games=16 samples=774 cache=80/774 seconds=105.8 q/s=6.6
shard-00094.npz: games=16 samples=784 cache=52/784 seconds=109.4 q/s=6.7
shard-00085.npz: games=16 samples=879 cache=135/879 seconds=113.5 q/s=6.6
shard-00091.npz: games=16 samples=855 cache=59/855 seconds=116.8 q/s=6.8
shard-00081.npz: games=16 samples=818 cache=59/818 seconds=117.0 q/s=6.5
shard-00088.npz: games=16 samples=840 cache=78/840 seconds=117.0 q/s=6.5
shard-00083.npz: games=16 samples=910 cache=57/910 seconds=120.0 q/s=7.1
shard-00086.npz: games=16 samples=886 cache=66/886 seconds=120.2 q/s=6.8
shard-00089.npz: games=16 samples=897 cache=60/897 seconds=120.7 q/s=6.9
shard-00095.npz: games=16 samples=1008 cache=58/1008 seconds=125.3 q/s=7.6
shard-00080.npz: games=16 samples=952 cache=57/952 seconds=125.3 q/s=7.1
shard-00087.npz: games=16 samples=987 cache=61/987 seconds=125.4 q/s=7.4
shard-00093.npz: games=16 samples=1092 cache=78/1092 seconds=130.3 q/s=7.8
shard-00082.npz: games=16 samples=1076 cache=56/1076 seconds=131.1 q/s=7.8
shard-00102.npz: games=16 samples=777 cache=138/777 seconds=100.3 q/s=6.4
shard-00100.npz: games=16 samples=745 cache=64/745 seconds=100.9 q/s=6.7
shard-00104.npz: games=16 samples=723 cache=67/723 seconds=103.5 q/s=6.3
shard-00101.npz: games=16 samples=747 cache=66/747 seconds=104.8 q/s=6.5
shard-00099.npz: games=16 samples=951 cache=227/951 seconds=108.4 q/s=6.7
shard-00108.npz: games=16 samples=883 cache=127/883 seconds=114.0 q/s=6.6
shard-00111.npz: games=16 samples=805 cache=54/805 seconds=114.8 q/s=6.5
shard-00110.npz: games=16 samples=886 cache=61/886 seconds=116.4 q/s=7.1
shard-00109.npz: games=16 samples=839 cache=59/839 seconds=116.5 q/s=6.7
shard-00107.npz: games=16 samples=875 cache=60/875 seconds=118.5 q/s=6.9
shard-00105.npz: games=16 samples=849 cache=60/849 seconds=118.6 q/s=6.7
shard-00096.npz: games=16 samples=970 cache=136/970 seconds=118.8 q/s=7.0
shard-00097.npz: games=16 samples=909 cache=57/909 seconds=119.0 q/s=7.2
shard-00106.npz: games=16 samples=953 cache=73/953 seconds=121.3 q/s=7.3
shard-00098.npz: games=16 samples=948 cache=63/948 seconds=122.2 q/s=7.2
shard-00103.npz: games=16 samples=1129 cache=141/1129 seconds=126.2 q/s=7.8
shard-00116.npz: games=16 samples=695 cache=159/695 seconds=86.9 q/s=6.2
shard-00124.npz: games=16 samples=749 cache=132/749 seconds=93.9 q/s=6.6
shard-00123.npz: games=16 samples=733 cache=72/733 seconds=98.0 q/s=6.7
shard-00119.npz: games=16 samples=806 cache=132/806 seconds=103.5 q/s=6.5
shard-00115.npz: games=16 samples=774 cache=86/774 seconds=106.8 q/s=6.4
shard-00122.npz: games=16 samples=813 cache=71/813 seconds=108.3 q/s=6.9
shard-00113.npz: games=16 samples=892 cache=153/892 seconds=108.3 q/s=6.8
shard-00121.npz: games=16 samples=819 cache=57/819 seconds=108.5 q/s=7.0
shard-00117.npz: games=16 samples=797 cache=81/797 seconds=108.8 q/s=6.6
shard-00118.npz: games=16 samples=807 cache=61/807 seconds=108.9 q/s=6.9
shard-00127.npz: games=16 samples=854 cache=82/854 seconds=110.9 q/s=7.0
shard-00120.npz: games=16 samples=814 cache=62/814 seconds=111.3 q/s=6.8
shard-00112.npz: games=16 samples=994 cache=217/994 seconds=112.7 q/s=6.9
shard-00125.npz: games=16 samples=892 cache=130/892 seconds=113.2 q/s=6.7
shard-00114.npz: games=16 samples=996 cache=133/996 seconds=118.0 q/s=7.3
shard-00126.npz: games=16 samples=1034 cache=65/1034 seconds=120.8 q/s=8.0
coverage: games=2048 new=53164/100000 win=1004/2000 block=5304/2000 fork=12326/1000
shard-00128.npz: games=16 samples=789 cache=228/789 seconds=94.0 q/s=6.0
shard-00138.npz: games=16 samples=743 cache=66/743 seconds=105.6 q/s=6.4
shard-00141.npz: games=16 samples=770 cache=71/770 seconds=108.8 q/s=6.4
shard-00135.npz: games=16 samples=784 cache=49/784 seconds=112.9 q/s=6.5
shard-00131.npz: games=16 samples=790 cache=55/790 seconds=114.7 q/s=6.4
shard-00140.npz: games=16 samples=848 cache=52/848 seconds=117.4 q/s=6.8
shard-00130.npz: games=16 samples=839 cache=61/839 seconds=117.4 q/s=6.6
shard-00142.npz: games=16 samples=913 cache=140/913 seconds=117.6 q/s=6.6
shard-00129.npz: games=16 samples=929 cache=133/929 seconds=118.1 q/s=6.7
shard-00137.npz: games=16 samples=861 cache=57/861 seconds=119.3 q/s=6.7
shard-00133.npz: games=16 samples=931 cache=66/931 seconds=119.9 q/s=7.2
shard-00143.npz: games=16 samples=844 cache=55/844 seconds=120.6 q/s=6.5
shard-00136.npz: games=16 samples=908 cache=68/908 seconds=120.7 q/s=7.0
shard-00134.npz: games=16 samples=919 cache=59/919 seconds=121.5 q/s=7.1
shard-00132.npz: games=16 samples=1017 cache=53/1017 seconds=125.8 q/s=7.7
shard-00139.npz: games=16 samples=1079 cache=84/1079 seconds=128.4 q/s=7.7
coverage: games=2304 new=58669/100000 win=1126/2000 block=5970/2000 fork=13856/1000
shard-00154.npz: games=16 samples=752 cache=133/752 seconds=97.0 q/s=6.4
shard-00149.npz: games=16 samples=771 cache=112/771 seconds=97.1 q/s=6.8
shard-00155.npz: games=16 samples=762 cache=78/762 seconds=103.8 q/s=6.6
shard-00159.npz: games=16 samples=731 cache=55/731 seconds=107.6 q/s=6.3
shard-00152.npz: games=16 samples=897 cache=141/897 seconds=111.3 q/s=6.8
shard-00148.npz: games=16 samples=842 cache=65/842 seconds=112.3 q/s=6.9
shard-00147.npz: games=16 samples=817 cache=60/817 seconds=113.3 q/s=6.7
shard-00157.npz: games=16 samples=905 cache=140/905 seconds=115.1 q/s=6.6
shard-00151.npz: games=16 samples=853 cache=61/853 seconds=115.2 q/s=6.9
shard-00158.npz: games=16 samples=851 cache=60/851 seconds=116.2 q/s=6.8
shard-00146.npz: games=16 samples=953 cache=133/953 seconds=116.5 q/s=7.0
shard-00145.npz: games=16 samples=898 cache=65/898 seconds=116.9 q/s=7.1
shard-00150.npz: games=16 samples=895 cache=54/895 seconds=120.2 q/s=7.0
shard-00153.npz: games=16 samples=1022 cache=129/1022 seconds=122.5 q/s=7.3
shard-00144.npz: games=16 samples=943 cache=58/943 seconds=122.5 q/s=7.2
shard-00156.npz: games=16 samples=987 cache=72/987 seconds=123.7 q/s=7.4
coverage: games=2560 new=64076/100000 win=1250/2000 block=6619/2000 fork=15348/1000
shard-00169.npz: games=16 samples=682 cache=153/682 seconds=86.8 q/s=6.1
shard-00175.npz: games=16 samples=700 cache=108/700 seconds=93.5 q/s=6.3
shard-00172.npz: games=16 samples=662 cache=63/662 seconds=95.6 q/s=6.3
shard-00174.npz: games=16 samples=760 cache=137/760 seconds=96.2 q/s=6.5
shard-00162.npz: games=16 samples=852 cache=144/852 seconds=103.5 q/s=6.8
shard-00165.npz: games=16 samples=783 cache=128/783 seconds=104.0 q/s=6.3
shard-00160.npz: games=16 samples=761 cache=56/761 seconds=106.8 q/s=6.6
shard-00163.npz: games=16 samples=786 cache=64/786 seconds=107.2 q/s=6.7
shard-00168.npz: games=16 samples=838 cache=75/838 seconds=111.2 q/s=6.9
shard-00171.npz: games=16 samples=917 cache=130/917 seconds=111.6 q/s=7.1
shard-00170.npz: games=16 samples=821 cache=52/821 seconds=112.1 q/s=6.9
shard-00164.npz: games=16 samples=922 cache=58/922 seconds=114.9 q/s=7.5
shard-00166.npz: games=16 samples=1024 cache=143/1024 seconds=115.1 q/s=7.7
shard-00167.npz: games=16 samples=906 cache=59/906 seconds=116.0 q/s=7.3
shard-00173.npz: games=16 samples=882 cache=57/882 seconds=116.2 q/s=7.1
shard-00161.npz: games=16 samples=955 cache=72/955 seconds=117.6 q/s=7.5
coverage: games=2816 new=69464/100000 win=1387/2000 block=7268/2000 fork=16957/1000
shard-00183.npz: games=16 samples=742 cache=66/742 seconds=108.3 q/s=6.2
shard-00185.npz: games=16 samples=787 cache=79/787 seconds=108.8 q/s=6.5
shard-00176.npz: games=16 samples=774 cache=74/774 seconds=114.8 q/s=6.1
shard-00191.npz: games=16 samples=913 cache=136/913 seconds=116.8 q/s=6.7
shard-00186.npz: games=16 samples=904 cache=150/904 seconds=119.0 q/s=6.3
shard-00190.npz: games=16 samples=852 cache=54/852 seconds=119.4 q/s=6.7
shard-00177.npz: games=16 samples=956 cache=134/956 seconds=119.5 q/s=6.9
shard-00179.npz: games=16 samples=836 cache=49/836 seconds=122.7 q/s=6.4
shard-00188.npz: games=16 samples=897 cache=55/897 seconds=124.6 q/s=6.8
shard-00181.npz: games=16 samples=975 cache=88/975 seconds=125.6 q/s=7.1
shard-00180.npz: games=16 samples=1134 cache=215/1134 seconds=127.4 q/s=7.2
shard-00178.npz: games=16 samples=994 cache=60/994 seconds=128.4 q/s=7.3
shard-00182.npz: games=16 samples=1074 cache=134/1074 seconds=129.0 q/s=7.3
shard-00184.npz: games=16 samples=1101 cache=200/1101 seconds=129.6 q/s=7.0
shard-00189.npz: games=16 samples=1030 cache=77/1030 seconds=129.7 q/s=7.3
shard-00187.npz: games=16 samples=964 cache=50/964 seconds=130.2 q/s=7.0
coverage: games=3072 new=75705/100000 win=1495/2000 block=7946/2000 fork=18594/1000
shard-00195.npz: games=16 samples=899 cache=375/899 seconds=84.6 q/s=6.2
shard-00206.npz: games=16 samples=799 cache=225/799 seconds=94.5 q/s=6.1
shard-00201.npz: games=16 samples=838 cache=159/838 seconds=107.5 q/s=6.3
shard-00198.npz: games=16 samples=806 cache=73/806 seconds=107.5 q/s=6.8
shard-00197.npz: games=16 samples=913 cache=234/913 seconds=108.8 q/s=6.2
shard-00205.npz: games=16 samples=905 cache=213/905 seconds=110.2 q/s=6.3
shard-00204.npz: games=16 samples=870 cache=124/870 seconds=111.5 q/s=6.7
shard-00199.npz: games=16 samples=864 cache=61/864 seconds=116.6 q/s=6.9
shard-00202.npz: games=16 samples=839 cache=54/839 seconds=118.2 q/s=6.6
shard-00194.npz: games=16 samples=827 cache=52/827 seconds=118.4 q/s=6.5
shard-00196.npz: games=16 samples=915 cache=65/915 seconds=122.1 q/s=7.0
shard-00207.npz: games=16 samples=947 cache=53/947 seconds=124.7 q/s=7.2
shard-00193.npz: games=16 samples=992 cache=110/992 seconds=124.9 q/s=7.1
shard-00203.npz: games=16 samples=1147 cache=222/1147 seconds=125.7 q/s=7.4
shard-00200.npz: games=16 samples=974 cache=55/974 seconds=126.7 q/s=7.3
shard-00192.npz: games=16 samples=1067 cache=137/1067 seconds=129.9 q/s=7.2
coverage: games=3328 new=81714/100000 win=1608/2000 block=8605/2000 fork=20080/1000
shard-00215.npz: games=16 samples=711 cache=114/711 seconds=100.9 q/s=5.9
shard-00216.npz: games=16 samples=722 cache=67/722 seconds=101.1 q/s=6.5
shard-00211.npz: games=16 samples=806 cache=125/806 seconds=107.4 q/s=6.3
shard-00212.npz: games=16 samples=754 cache=58/754 seconds=112.5 q/s=6.2
shard-00222.npz: games=16 samples=853 cache=134/853 seconds=113.5 q/s=6.3
shard-00210.npz: games=16 samples=871 cache=91/871 seconds=116.7 q/s=6.7
shard-00213.npz: games=16 samples=857 cache=91/857 seconds=117.5 q/s=6.5
shard-00219.npz: games=16 samples=920 cache=75/920 seconds=121.3 q/s=7.0
shard-00214.npz: games=16 samples=978 cache=151/978 seconds=121.9 q/s=6.8
shard-00221.npz: games=16 samples=917 cache=65/917 seconds=122.6 q/s=6.9
shard-00218.npz: games=16 samples=861 cache=57/861 seconds=123.5 q/s=6.5
shard-00209.npz: games=16 samples=943 cache=61/943 seconds=124.9 q/s=7.1
shard-00208.npz: games=16 samples=927 cache=64/927 seconds=125.7 q/s=6.9
shard-00217.npz: games=16 samples=928 cache=57/928 seconds=125.8 q/s=6.9
shard-00223.npz: games=16 samples=916 cache=58/916 seconds=126.2 q/s=6.8
shard-00220.npz: games=16 samples=1093 cache=136/1093 seconds=129.1 q/s=7.4
coverage: games=3584 new=87741/100000 win=1731/2000 block=9276/2000 fork=21636/1000
shard-00225.npz: games=16 samples=664 cache=80/664 seconds=92.8 q/s=6.3
shard-00231.npz: games=16 samples=918 cache=290/918 seconds=95.0 q/s=6.6
shard-00224.npz: games=16 samples=844 cache=142/844 seconds=105.7 q/s=6.6
shard-00233.npz: games=16 samples=756 cache=63/756 seconds=107.0 q/s=6.5
shard-00237.npz: games=16 samples=834 cache=130/834 seconds=107.6 q/s=6.5
shard-00228.npz: games=16 samples=797 cache=76/797 seconds=111.7 q/s=6.5
shard-00236.npz: games=16 samples=933 cache=129/933 seconds=115.9 q/s=6.9
shard-00227.npz: games=16 samples=1013 cache=206/1013 seconds=116.2 q/s=6.9
shard-00239.npz: games=16 samples=964 cache=142/964 seconds=116.7 q/s=7.0
shard-00234.npz: games=16 samples=872 cache=56/872 seconds=120.0 q/s=6.8
shard-00229.npz: games=16 samples=909 cache=60/909 seconds=120.0 q/s=7.1
shard-00238.npz: games=16 samples=933 cache=68/933 seconds=120.0 q/s=7.2
shard-00230.npz: games=16 samples=944 cache=122/944 seconds=120.4 q/s=6.8
shard-00226.npz: games=16 samples=948 cache=73/948 seconds=120.4 q/s=7.3
shard-00235.npz: games=16 samples=963 cache=76/963 seconds=124.4 q/s=7.1
shard-00232.npz: games=16 samples=1050 cache=61/1050 seconds=126.6 q/s=7.8
coverage: games=3840 new=93129/100000 win=1848/2000 block=9928/2000 fork=23185/1000
shard-00255.npz: games=16 samples=788 cache=96/788 seconds=101.5 q/s=6.8
shard-00247.npz: games=16 samples=795 cache=86/795 seconds=108.6 q/s=6.5
shard-00244.npz: games=16 samples=816 cache=66/816 seconds=112.2 q/s=6.7
shard-00243.npz: games=16 samples=796 cache=57/796 seconds=117.4 q/s=6.3
shard-00251.npz: games=16 samples=886 cache=63/886 seconds=121.7 q/s=6.8
shard-00245.npz: games=16 samples=939 cache=68/939 seconds=122.0 q/s=7.1
shard-00253.npz: games=16 samples=1051 cache=225/1051 seconds=122.5 q/s=6.7
shard-00249.npz: games=16 samples=953 cache=135/953 seconds=123.2 q/s=6.6
shard-00240.npz: games=16 samples=881 cache=56/881 seconds=123.9 q/s=6.7
shard-00250.npz: games=16 samples=1074 cache=212/1074 seconds=124.0 q/s=7.0
shard-00246.npz: games=16 samples=945 cache=83/945 seconds=125.6 q/s=6.9
shard-00248.npz: games=16 samples=937 cache=55/937 seconds=126.8 q/s=7.0
shard-00252.npz: games=16 samples=999 cache=101/999 seconds=127.1 q/s=7.1
shard-00254.npz: games=16 samples=978 cache=64/978 seconds=127.3 q/s=7.2
shard-00242.npz: games=16 samples=1079 cache=141/1079 seconds=130.0 q/s=7.2
shard-00241.npz: games=16 samples=1031 cache=70/1031 seconds=131.9 q/s=7.3
coverage: games=4096 new=98444/100000 win=1955/2000 block=10604/2000 fork=24744/1000
shard-00256.npz: games=16 samples=885 cache=218/885 seconds=104.0 q/s=6.4
shard-00262.npz: games=16 samples=729 cache=86/729 seconds=108.4 q/s=5.9
shard-00268.npz: games=16 samples=859 cache=153/859 seconds=113.8 q/s=6.2
shard-00263.npz: games=16 samples=911 cache=135/911 seconds=116.9 q/s=6.6
shard-00269.npz: games=16 samples=876 cache=71/876 seconds=117.3 q/s=6.9
shard-00264.npz: games=16 samples=810 cache=57/810 seconds=118.8 q/s=6.3
shard-00271.npz: games=16 samples=852 cache=51/852 seconds=121.3 q/s=6.6
shard-00266.npz: games=16 samples=864 cache=87/864 seconds=122.6 q/s=6.3
shard-00270.npz: games=16 samples=1011 cache=130/1011 seconds=123.6 q/s=7.1
shard-00259.npz: games=16 samples=939 cache=66/939 seconds=124.7 q/s=7.0
shard-00265.npz: games=16 samples=971 cache=68/971 seconds=124.7 q/s=7.2
shard-00257.npz: games=16 samples=925 cache=57/925 seconds=125.0 q/s=6.9
shard-00260.npz: games=16 samples=945 cache=56/945 seconds=125.2 q/s=7.1
shard-00261.npz: games=16 samples=949 cache=54/949 seconds=125.9 q/s=7.1
shard-00258.npz: games=16 samples=1030 cache=136/1030 seconds=126.1 q/s=7.1
shard-00267.npz: games=16 samples=959 cache=52/959 seconds=128.2 q/s=7.1
coverage: games=4352 new=103908/100000 win=2068/2000 block=11227/2000 fork=26299/1000
!!!!!!!!!!!!!!!! 数据多样性量化结果 !!!!!!!!!!!!!!!!
!!!!!!!!!!!!!!!! 有效轨迹比例：24.71%（越高越好） !!!!!!!!!!!!!!!!
!!!!!!!!!!!!!!!! 最大单一轨迹占比：5.70%（越低越好） !!!!!!!!!!!!!!!!
!!!!!!!!!!!!!!!! 独特状态比例：43.36%（越高越好） !!!!!!!!!!!!!!!!
!!!!!!!!!!!!!!!! 数据质量结论：可接受，多样性良好 !!!!!!!!!!!!!!!!
complete: samples=239649 cache_hit_rate=0.112 expert_queries=212814
