shard-00009.npz: games=16 samples=841 cache=625/841 seconds=38.2 q/s=5.6
shard-00013.npz: games=16 samples=965 cache=733/965 seconds=44.3 q/s=5.2
shard-00004.npz: games=16 samples=720 cache=464/720 seconds=46.2 q/s=5.5
shard-00000.npz: games=16 samples=942 cache=611/942 seconds=47.5 q/s=7.0
shard-00006.npz: games=16 samples=819 cache=485/819 seconds=55.7 q/s=6.0
shard-00001.npz: games=16 samples=1057 cache=695/1057 seconds=56.3 q/s=6.4
shard-00003.npz: games=16 samples=948 cache=622/948 seconds=56.4 q/s=5.8
shard-00002.npz: games=16 samples=873 cache=543/873 seconds=57.1 q/s=5.8
shard-00011.npz: games=16 samples=958 cache=590/958 seconds=59.9 q/s=6.1
shard-00015.npz: games=16 samples=865 cache=451/865 seconds=61.7 q/s=6.7
shard-00007.npz: games=16 samples=965 cache=518/965 seconds=63.9 q/s=7.0
shard-00008.npz: games=16 samples=994 cache=525/994 seconds=64.3 q/s=7.3
shard-00014.npz: games=16 samples=1229 cache=814/1229 seconds=64.9 q/s=6.4
shard-00010.npz: games=16 samples=848 cache=350/848 seconds=67.1 q/s=7.4
shard-00012.npz: games=16 samples=1140 cache=601/1140 seconds=70.5 q/s=7.6
shard-00005.npz: games=16 samples=1131 cache=483/1131 seconds=74.1 q/s=8.7
shard-00030.npz: games=16 samples=840 cache=662/840 seconds=28.2 q/s=6.3
shard-00024.npz: games=16 samples=953 cache=709/953 seconds=32.2 q/s=7.6
shard-00021.npz: games=16 samples=849 cache=681/849 seconds=34.3 q/s=4.9
shard-00025.npz: games=16 samples=803 cache=583/803 seconds=36.2 q/s=6.1
shard-00028.npz: games=16 samples=980 cache=774/980 seconds=36.8 q/s=5.6
shard-00031.npz: games=16 samples=929 cache=653/929 seconds=42.9 q/s=6.4
shard-00023.npz: games=16 samples=1056 cache=769/1056 seconds=43.0 q/s=6.7
shard-00016.npz: games=16 samples=1088 cache=766/1088 seconds=45.1 q/s=7.1
shard-00026.npz: games=16 samples=1044 cache=750/1044 seconds=45.4 q/s=6.5
shard-00027.npz: games=16 samples=1035 cache=704/1035 seconds=45.6 q/s=7.3
shard-00029.npz: games=16 samples=829 cache=502/829 seconds=46.3 q/s=7.1
shard-00017.npz: games=16 samples=1086 cache=731/1086 seconds=46.5 q/s=7.6
shard-00019.npz: games=16 samples=997 cache=696/997 seconds=46.6 q/s=6.5
shard-00020.npz: games=16 samples=1067 cache=697/1067 seconds=47.2 q/s=7.8
shard-00022.npz: games=16 samples=880 cache=475/880 seconds=51.9 q/s=7.8
shard-00018.npz: games=16 samples=1067 cache=661/1067 seconds=52.9 q/s=7.7
shard-00043.npz: games=16 samples=959 cache=756/959 seconds=35.5 q/s=5.7
shard-00036.npz: games=16 samples=859 cache=602/859 seconds=40.9 q/s=6.3
shard-00041.npz: games=16 samples=901 cache=622/901 seconds=42.7 q/s=6.5
shard-00034.npz: games=16 samples=741 cache=468/741 seconds=46.4 q/s=5.9
shard-00032.npz: games=16 samples=792 cache=502/792 seconds=47.8 q/s=6.1
shard-00040.npz: games=16 samples=964 cache=648/964 seconds=50.1 q/s=6.3
shard-00042.npz: games=16 samples=830 cache=528/830 seconds=50.1 q/s=6.0
shard-00044.npz: games=16 samples=968 cache=625/968 seconds=51.6 q/s=6.7
shard-00038.npz: games=16 samples=1036 cache=710/1036 seconds=51.9 q/s=6.3
shard-00046.npz: games=16 samples=1036 cache=697/1036 seconds=52.1 q/s=6.5
shard-00047.npz: games=16 samples=873 cache=519/873 seconds=52.5 q/s=6.7
shard-00035.npz: games=16 samples=902 cache=495/902 seconds=53.1 q/s=7.7
shard-00033.npz: games=16 samples=833 cache=464/833 seconds=54.3 q/s=6.8
shard-00037.npz: games=16 samples=1078 cache=663/1078 seconds=55.9 q/s=7.4
shard-00039.npz: games=16 samples=914 cache=442/914 seconds=60.8 q/s=7.8
shard-00045.npz: games=16 samples=1080 cache=515/1080 seconds=62.5 q/s=9.0
shard-00056.npz: games=16 samples=971 cache=698/971 seconds=40.2 q/s=6.8
shard-00050.npz: games=16 samples=821 cache=599/821 seconds=40.5 q/s=5.5
shard-00048.npz: games=16 samples=972 cache=715/972 seconds=44.6 q/s=5.8
shard-00053.npz: games=16 samples=902 cache=558/902 seconds=49.7 q/s=6.9
shard-00060.npz: games=16 samples=1016 cache=693/1016 seconds=50.6 q/s=6.4
shard-00054.npz: games=16 samples=938 cache=550/938 seconds=53.3 q/s=7.3
shard-00059.npz: games=16 samples=1144 cache=776/1144 seconds=54.1 q/s=6.8
shard-00057.npz: games=16 samples=1012 cache=655/1012 seconds=55.3 q/s=6.5
shard-00049.npz: games=16 samples=959 cache=578/959 seconds=57.0 q/s=6.7
shard-00063.npz: games=16 samples=917 cache=495/917 seconds=58.1 q/s=7.3
shard-00061.npz: games=16 samples=951 cache=527/951 seconds=59.2 q/s=7.2
shard-00058.npz: games=16 samples=996 cache=549/996 seconds=61.0 q/s=7.3
shard-00051.npz: games=16 samples=1105 cache=626/1105 seconds=63.7 q/s=7.5
shard-00055.npz: games=16 samples=988 cache=516/988 seconds=64.3 q/s=7.3
shard-00062.npz: games=16 samples=1094 cache=586/1094 seconds=66.0 q/s=7.7
shard-00052.npz: games=16 samples=1101 cache=564/1101 seconds=68.3 q/s=7.9
coverage: games=1024 new=17415/50000 win=395/0 block=2698/0 fork=5994/0
shard-00064.npz: games=16 samples=839 cache=657/839 seconds=27.1 q/s=6.7
shard-00069.npz: games=16 samples=952 cache=679/952 seconds=42.3 q/s=6.5
shard-00067.npz: games=16 samples=877 cache=591/877 seconds=43.0 q/s=6.7
shard-00066.npz: games=16 samples=962 cache=673/962 seconds=48.3 q/s=6.0
shard-00071.npz: games=16 samples=968 cache=676/968 seconds=49.5 q/s=5.9
shard-00068.npz: games=16 samples=1068 cache=776/1068 seconds=50.3 q/s=5.8
shard-00074.npz: games=16 samples=986 cache=657/986 seconds=50.3 q/s=6.5
shard-00077.npz: games=16 samples=1022 cache=689/1022 seconds=53.7 q/s=6.2
shard-00070.npz: games=16 samples=956 cache=593/956 seconds=55.7 q/s=6.5
shard-00078.npz: games=16 samples=1017 cache=620/1017 seconds=57.8 q/s=6.9
shard-00076.npz: games=16 samples=1073 cache=705/1073 seconds=58.0 q/s=6.3
shard-00073.npz: games=16 samples=892 cache=493/892 seconds=59.7 q/s=6.7
shard-00079.npz: games=16 samples=1088 cache=681/1088 seconds=59.9 q/s=6.8
shard-00065.npz: games=16 samples=980 cache=552/980 seconds=60.0 q/s=7.1
shard-00075.npz: games=16 samples=809 cache=390/809 seconds=60.4 q/s=6.9
shard-00072.npz: games=16 samples=968 cache=476/968 seconds=64.1 q/s=7.7
coverage: games=1280 new=20923/50000 win=490/0 block=3374/0 fork=7509/0
shard-00081.npz: games=16 samples=847 cache=686/847 seconds=34.2 q/s=4.7
shard-00090.npz: games=16 samples=853 cache=615/853 seconds=39.0 q/s=6.1
shard-00095.npz: games=16 samples=989 cache=750/989 seconds=44.4 q/s=5.4
shard-00091.npz: games=16 samples=992 cache=713/992 seconds=46.5 q/s=6.0
shard-00088.npz: games=16 samples=1081 cache=799/1081 seconds=47.6 q/s=5.9
shard-00083.npz: games=16 samples=864 cache=570/864 seconds=48.7 q/s=6.0
shard-00089.npz: games=16 samples=1185 cache=832/1185 seconds=52.4 q/s=6.7
shard-00084.npz: games=16 samples=961 cache=621/961 seconds=52.7 q/s=6.5
shard-00085.npz: games=16 samples=879 cache=561/879 seconds=55.3 q/s=5.7
shard-00094.npz: games=16 samples=978 cache=603/978 seconds=55.7 q/s=6.7
shard-00080.npz: games=16 samples=968 cache=581/968 seconds=56.7 q/s=6.8
shard-00086.npz: games=16 samples=1012 cache=606/1012 seconds=57.7 q/s=7.0
shard-00093.npz: games=16 samples=982 cache=586/982 seconds=58.3 q/s=6.8
shard-00087.npz: games=16 samples=1076 cache=641/1076 seconds=59.7 q/s=7.3
shard-00082.npz: games=16 samples=1094 cache=638/1094 seconds=61.5 q/s=7.4
shard-00092.npz: games=16 samples=1124 cache=588/1124 seconds=67.8 q/s=7.9
coverage: games=1536 new=24568/50000 win=582/0 block=4000/0 fork=8970/0
shard-00104.npz: games=16 samples=729 cache=537/729 seconds=30.4 q/s=6.3
shard-00106.npz: games=16 samples=855 cache=650/855 seconds=32.3 q/s=6.4
shard-00110.npz: games=16 samples=1063 cache=816/1063 seconds=38.1 q/s=6.5
shard-00111.npz: games=16 samples=849 cache=609/849 seconds=38.3 q/s=6.3
shard-00100.npz: games=16 samples=978 cache=707/978 seconds=40.5 q/s=6.7
shard-00097.npz: games=16 samples=1135 cache=855/1135 seconds=42.0 q/s=6.7
shard-00108.npz: games=16 samples=896 cache=614/896 seconds=45.4 q/s=6.2
shard-00099.npz: games=16 samples=888 cache=591/888 seconds=45.7 q/s=6.5
shard-00103.npz: games=16 samples=1122 cache=772/1122 seconds=46.5 q/s=7.5
shard-00109.npz: games=16 samples=898 cache=575/898 seconds=47.2 q/s=6.8
shard-00102.npz: games=16 samples=1081 cache=683/1081 seconds=50.6 q/s=7.9
shard-00098.npz: games=16 samples=1086 cache=662/1086 seconds=50.8 q/s=8.4
shard-00105.npz: games=16 samples=963 cache=578/963 seconds=54.0 q/s=7.1
shard-00101.npz: games=16 samples=1093 cache=683/1093 seconds=55.1 q/s=7.4
shard-00107.npz: games=16 samples=988 cache=527/988 seconds=56.0 q/s=8.2
shard-00096.npz: games=16 samples=1134 cache=483/1134 seconds=69.3 q/s=9.4
coverage: games=1792 new=27982/50000 win=674/0 block=4623/0 fork=10439/0
shard-00121.npz: games=16 samples=876 cache=692/876 seconds=27.5 q/s=6.7
shard-00120.npz: games=16 samples=1138 cache=941/1138 seconds=32.2 q/s=6.1
shard-00124.npz: games=16 samples=1027 cache=832/1027 seconds=33.8 q/s=5.8
shard-00114.npz: games=16 samples=985 cache=754/985 seconds=36.7 q/s=6.3
shard-00113.npz: games=16 samples=817 cache=571/817 seconds=39.7 q/s=6.2
shard-00119.npz: games=16 samples=1079 cache=751/1079 seconds=47.2 q/s=7.0
shard-00123.npz: games=16 samples=1019 cache=603/1019 seconds=50.6 q/s=8.2
shard-00118.npz: games=16 samples=945 cache=640/945 seconds=50.8 q/s=6.0
shard-00112.npz: games=16 samples=965 cache=620/965 seconds=51.2 q/s=6.7
shard-00127.npz: games=16 samples=1044 cache=671/1044 seconds=51.1 q/s=7.3
shard-00116.npz: games=16 samples=999 cache=645/999 seconds=52.0 q/s=6.8
shard-00126.npz: games=16 samples=1011 cache=603/1011 seconds=52.9 q/s=7.7
shard-00117.npz: games=16 samples=1136 cache=730/1136 seconds=53.1 q/s=7.6
shard-00115.npz: games=16 samples=967 cache=582/967 seconds=55.2 q/s=7.0
shard-00125.npz: games=16 samples=1104 cache=675/1104 seconds=56.1 q/s=7.6
shard-00122.npz: games=16 samples=1030 cache=575/1030 seconds=57.4 q/s=7.9
coverage: games=2048 new=31554/50000 win=761/0 block=5278/0 fork=11955/0
shard-00138.npz: games=16 samples=905 cache=720/905 seconds=34.7 q/s=5.3
shard-00137.npz: games=16 samples=780 cache=537/780 seconds=36.8 q/s=6.6
shard-00134.npz: games=16 samples=935 cache=693/935 seconds=39.1 q/s=6.2
shard-00139.npz: games=16 samples=902 cache=576/902 seconds=47.5 q/s=6.9
shard-00141.npz: games=16 samples=932 cache=632/932 seconds=48.0 q/s=6.2
shard-00135.npz: games=16 samples=774 cache=443/774 seconds=52.1 q/s=6.4
shard-00130.npz: games=16 samples=1072 cache=699/1072 seconds=53.2 q/s=7.0
shard-00136.npz: games=16 samples=935 cache=563/935 seconds=53.2 q/s=7.0
shard-00128.npz: games=16 samples=973 cache=594/973 seconds=53.9 q/s=7.0
shard-00140.npz: games=16 samples=1078 cache=683/1078 seconds=54.3 q/s=7.3
shard-00142.npz: games=16 samples=942 cache=539/942 seconds=54.7 q/s=7.4
shard-00132.npz: games=16 samples=953 cache=533/953 seconds=55.8 q/s=7.5
shard-00143.npz: games=16 samples=1154 cache=748/1154 seconds=56.4 q/s=7.2
shard-00129.npz: games=16 samples=1038 cache=633/1038 seconds=57.0 q/s=7.1
shard-00131.npz: games=16 samples=1043 cache=610/1043 seconds=59.3 q/s=7.3
shard-00133.npz: games=16 samples=1182 cache=754/1182 seconds=59.8 q/s=7.2
coverage: games=2304 new=35003/50000 win=855/0 block=5999/0 fork=13496/0
shard-00151.npz: games=16 samples=858 cache=649/858 seconds=34.9 q/s=6.0
shard-00153.npz: games=16 samples=898 cache=622/898 seconds=42.4 q/s=6.5
shard-00155.npz: games=16 samples=908 cache=635/908 seconds=45.4 q/s=6.0
shard-00156.npz: games=16 samples=1132 cache=813/1132 seconds=46.6 q/s=6.9
shard-00144.npz: games=16 samples=1000 cache=720/1000 seconds=47.1 q/s=5.9
shard-00152.npz: games=16 samples=907 cache=582/907 seconds=49.6 q/s=6.5
shard-00147.npz: games=16 samples=1014 cache=700/1014 seconds=51.7 q/s=6.1
shard-00145.npz: games=16 samples=843 cache=524/843 seconds=52.1 q/s=6.1
shard-00148.npz: games=16 samples=1017 cache=666/1017 seconds=52.4 q/s=6.7
shard-00159.npz: games=16 samples=1030 cache=689/1030 seconds=54.0 q/s=6.3
shard-00146.npz: games=16 samples=1007 cache=635/1007 seconds=54.8 q/s=6.8
shard-00149.npz: games=16 samples=998 cache=617/998 seconds=56.5 q/s=6.7
shard-00158.npz: games=16 samples=960 cache=536/960 seconds=57.4 q/s=7.4
shard-00157.npz: games=16 samples=1036 cache=635/1036 seconds=58.4 q/s=6.9
shard-00154.npz: games=16 samples=1031 cache=541/1031 seconds=61.7 q/s=7.9
shard-00150.npz: games=16 samples=1093 cache=576/1093 seconds=62.2 q/s=8.3
coverage: games=2560 new=38263/50000 win=947/0 block=6651/0 fork=14996/0
shard-00166.npz: games=16 samples=868 cache=708/868 seconds=29.1 q/s=5.5
shard-00170.npz: games=16 samples=905 cache=681/905 seconds=36.8 q/s=6.1
shard-00160.npz: games=16 samples=805 cache=555/805 seconds=43.0 q/s=5.8
shard-00167.npz: games=16 samples=1020 cache=750/1020 seconds=44.3 q/s=6.1
shard-00168.npz: games=16 samples=960 cache=692/960 seconds=45.1 q/s=5.9
shard-00171.npz: games=16 samples=974 cache=696/974 seconds=45.5 q/s=6.1
shard-00163.npz: games=16 samples=1039 cache=730/1039 seconds=50.0 q/s=6.2
shard-00174.npz: games=16 samples=904 cache=573/904 seconds=51.0 q/s=6.5
shard-00164.npz: games=16 samples=997 cache=628/997 seconds=51.9 q/s=7.1
shard-00169.npz: games=16 samples=1012 cache=672/1012 seconds=52.5 q/s=6.5
shard-00172.npz: games=16 samples=1028 cache=695/1028 seconds=52.9 q/s=6.3
shard-00161.npz: games=16 samples=995 cache=642/995 seconds=53.5 q/s=6.6
shard-00173.npz: games=16 samples=1066 cache=665/1066 seconds=54.6 q/s=7.3
shard-00165.npz: games=16 samples=979 cache=574/979 seconds=56.6 q/s=7.1
shard-00175.npz: games=16 samples=1064 cache=622/1064 seconds=58.2 q/s=7.6
shard-00162.npz: games=16 samples=1161 cache=556/1161 seconds=66.6 q/s=9.1
coverage: games=2816 new=41321/50000 win=1038/0 block=7282/0 fork=16448/0
shard-00183.npz: games=16 samples=807 cache=613/807 seconds=32.2 q/s=6.0
shard-00179.npz: games=16 samples=904 cache=658/904 seconds=37.3 q/s=6.6
shard-00190.npz: games=16 samples=1026 cache=782/1026 seconds=39.8 q/s=6.1
shard-00178.npz: games=16 samples=887 cache=645/887 seconds=40.4 q/s=6.0
shard-00181.npz: games=16 samples=953 cache=683/953 seconds=41.0 q/s=6.6
shard-00189.npz: games=16 samples=820 cache=500/820 seconds=45.1 q/s=7.1
shard-00177.npz: games=16 samples=961 cache=666/961 seconds=46.3 q/s=6.4
shard-00187.npz: games=16 samples=1027 cache=736/1027 seconds=46.3 q/s=6.3
shard-00180.npz: games=16 samples=1012 cache=670/1012 seconds=46.4 q/s=7.4
shard-00184.npz: games=16 samples=1020 cache=651/1020 seconds=48.5 q/s=7.6
shard-00191.npz: games=16 samples=966 cache=550/966 seconds=51.5 q/s=8.1
shard-00185.npz: games=16 samples=886 cache=460/886 seconds=53.5 q/s=8.0
shard-00188.npz: games=16 samples=944 cache=508/944 seconds=56.0 q/s=7.8
shard-00182.npz: games=16 samples=1032 cache=542/1032 seconds=58.6 q/s=8.4
shard-00186.npz: games=16 samples=1171 cache=648/1171 seconds=60.5 q/s=8.6
shard-00176.npz: games=16 samples=1188 cache=563/1188 seconds=64.6 q/s=9.7
coverage: games=3072 new=44684/50000 win=1135/0 block=8022/0 fork=17990/0
shard-00195.npz: games=16 samples=845 cache=674/845 seconds=31.0 q/s=5.5
shard-00193.npz: games=16 samples=979 cache=835/979 seconds=33.7 q/s=4.3
shard-00200.npz: games=16 samples=1078 cache=877/1078 seconds=36.3 q/s=5.5
shard-00202.npz: games=16 samples=858 cache=648/858 seconds=37.0 q/s=5.7
shard-00198.npz: games=16 samples=1011 cache=767/1011 seconds=37.4 q/s=6.5
shard-00192.npz: games=16 samples=978 cache=694/978 seconds=41.9 q/s=6.8
shard-00197.npz: games=16 samples=878 cache=628/878 seconds=42.7 q/s=5.9
shard-00204.npz: games=16 samples=937 cache=642/937 seconds=44.0 q/s=6.7
shard-00194.npz: games=16 samples=967 cache=671/967 seconds=46.0 q/s=6.4
shard-00207.npz: games=16 samples=972 cache=663/972 seconds=46.6 q/s=6.6
shard-00203.npz: games=16 samples=991 cache=657/991 seconds=47.9 q/s=7.0
shard-00196.npz: games=16 samples=1032 cache=674/1032 seconds=49.5 q/s=7.2
shard-00199.npz: games=16 samples=1028 cache=646/1028 seconds=52.1 q/s=7.3
shard-00205.npz: games=16 samples=874 cache=400/874 seconds=56.5 q/s=8.4
shard-00206.npz: games=16 samples=1019 cache=523/1019 seconds=56.6 q/s=8.8
shard-00201.npz: games=16 samples=1190 cache=642/1190 seconds=60.1 q/s=9.1
coverage: games=3328 new=47610/50000 win=1228/0 block=8678/0 fork=19437/0
shard-00220.npz: games=16 samples=870 cache=680/870 seconds=38.7 q/s=4.9
shard-00217.npz: games=16 samples=913 cache=659/913 seconds=43.5 q/s=5.8
shard-00221.npz: games=16 samples=904 cache=651/904 seconds=44.8 q/s=5.7
shard-00214.npz: games=16 samples=1065 cache=814/1065 seconds=45.0 q/s=5.6
shard-00211.npz: games=16 samples=937 cache=680/937 seconds=45.1 q/s=5.7
shard-00210.npz: games=16 samples=1011 cache=677/1011 seconds=49.6 q/s=6.7
shard-00215.npz: games=16 samples=841 cache=540/841 seconds=50.7 q/s=5.9
shard-00208.npz: games=16 samples=1068 cache=722/1068 seconds=54.0 q/s=6.4
shard-00213.npz: games=16 samples=995 cache=673/995 seconds=55.0 q/s=5.9
shard-00219.npz: games=16 samples=995 cache=616/995 seconds=55.1 q/s=6.9
shard-00223.npz: games=16 samples=1028 cache=690/1028 seconds=55.2 q/s=6.1
shard-00216.npz: games=16 samples=883 cache=536/883 seconds=56.2 q/s=6.2
shard-00209.npz: games=16 samples=1059 cache=624/1059 seconds=56.6 q/s=7.7
shard-00218.npz: games=16 samples=1072 cache=658/1072 seconds=57.0 q/s=7.3
shard-00222.npz: games=16 samples=1021 cache=589/1021 seconds=58.8 q/s=7.4
shard-00212.npz: games=16 samples=1028 cache=645/1028 seconds=59.1 q/s=6.5
coverage: games=3584 new=50554/50000 win=1320/0 block=9300/0 fork=20905/0
!!!!!!!!!!!!!!!! 数据多样性量化结果 !!!!!!!!!!!!!!!!
!!!!!!!!!!!!!!!! 有效轨迹比例：18.90%（越高越好） !!!!!!!!!!!!!!!!
!!!!!!!!!!!!!!!! 最大单一轨迹占比：4.94%（越低越好） !!!!!!!!!!!!!!!!
!!!!!!!!!!!!!!!! 独特状态比例：30.68%（越高越好） !!!!!!!!!!!!!!!!
!!!!!!!!!!!!!!!! 数据质量结论：可接受，多样性良好 !!!!!!!!!!!!!!!!
complete: samples=218731 cache_hit_rate=0.649 expert_queries=76836
