!!!!!!!!!!!!!!!! 数据多样性检查开始 !!!!!!!!!!!!!!!!
!!!!!!!!!!!!!!!! 数据集：round_00_bootstrap !!!!!!!!!!!!!!!!
!!!!!!!!!!!!!!!! 有效轨迹比例：24.71%（越高越好，表示真正不同的对局分支） !!!!!!!!!!!!!!!!
!!!!!!!!!!!!!!!! 最大单一轨迹占比：5.70%（越低越好，表示是否被一种对局垄断） !!!!!!!!!!!!!!!!
!!!!!!!!!!!!!!!! 独特状态比例：43.36%（越高越好，表示不同棋盘局面的覆盖程度） !!!!!!!!!!!!!!!!
!!!!!!!!!!!!!!!! 数据质量结论：可接受，多样性良好 !!!!!!!!!!!!!!!!
!!!!!!!!!!!!!!!! 数据集：round_01_dagger !!!!!!!!!!!!!!!!
!!!!!!!!!!!!!!!! 有效轨迹比例：19.50%（越高越好，表示真正不同的对局分支） !!!!!!!!!!!!!!!!
!!!!!!!!!!!!!!!! 最大单一轨迹占比：4.62%（越低越好，表示是否被一种对局垄断） !!!!!!!!!!!!!!!!
!!!!!!!!!!!!!!!! 独特状态比例：32.10%（越高越好，表示不同棋盘局面的覆盖程度） !!!!!!!!!!!!!!!!
!!!!!!!!!!!!!!!! 数据质量结论：可接受，多样性良好 !!!!!!!!!!!!!!!!
!!!!!!!!!!!!!!!! 数据集：round_02_dagger !!!!!!!!!!!!!!!!
!!!!!!!!!!!!!!!! 有效轨迹比例：21.22%（越高越好，表示真正不同的对局分支） !!!!!!!!!!!!!!!!
!!!!!!!!!!!!!!!! 最大单一轨迹占比：4.26%（越低越好，表示是否被一种对局垄断） !!!!!!!!!!!!!!!!
!!!!!!!!!!!!!!!! 独特状态比例：32.87%（越高越好，表示不同棋盘局面的覆盖程度） !!!!!!!!!!!!!!!!
!!!!!!!!!!!!!!!! 数据质量结论：可接受，多样性良好 !!!!!!!!!!!!!!!!
!!!!!!!!!!!!!!!! 数据集：round_03_dagger !!!!!!!!!!!!!!!!
!!!!!!!!!!!!!!!! 有效轨迹比例：20.51%（越高越好，表示真正不同的对局分支） !!!!!!!!!!!!!!!!
!!!!!!!!!!!!!!!! 最大单一轨迹占比：4.69%（越低越好，表示是否被一种对局垄断） !!!!!!!!!!!!!!!!
!!!!!!!!!!!!!!!! 独特状态比例：31.14%（越高越好，表示不同棋盘局面的覆盖程度） !!!!!!!!!!!!!!!!
!!!!!!!!!!!!!!!! 数据质量结论：可接受，多样性良好 !!!!!!!!!!!!!!!!
!!!!!!!!!!!!!!!! 数据集：round_04_dagger !!!!!!!!!!!!!!!!
!!!!!!!!!!!!!!!! 有效轨迹比例：18.74%（越高越好，表示真正不同的对局分支） !!!!!!!!!!!!!!!!
!!!!!!!!!!!!!!!! 最大单一轨迹占比：4.21%（越低越好，表示是否被一种对局垄断） !!!!!!!!!!!!!!!!
!!!!!!!!!!!!!!!! 独特状态比例：30.55%（越高越好，表示不同棋盘局面的覆盖程度） !!!!!!!!!!!!!!!!
!!!!!!!!!!!!!!!! 数据质量结论：可接受，多样性良好 !!!!!!!!!!!!!!!!
!!!!!!!!!!!!!!!! 数据集：round_05_dagger !!!!!!!!!!!!!!!!
!!!!!!!!!!!!!!!! 有效轨迹比例：15.18%（越高越好，表示真正不同的对局分支） !!!!!!!!!!!!!!!!
!!!!!!!!!!!!!!!! 最大单一轨迹占比：6.02%（越低越好，表示是否被一种对局垄断） !!!!!!!!!!!!!!!!
!!!!!!!!!!!!!!!! 独特状态比例：30.57%（越高越好，表示不同棋盘局面的覆盖程度） !!!!!!!!!!!!!!!!
!!!!!!!!!!!!!!!! 数据质量结论：可接受，多样性良好 !!!!!!!!!!!!!!!!
!!!!!!!!!!!!!!!! 数据集：round_06_dagger !!!!!!!!!!!!!!!!
!!!!!!!!!!!!!!!! 有效轨迹比例：18.90%（越高越好，表示真正不同的对局分支） !!!!!!!!!!!!!!!!
!!!!!!!!!!!!!!!! 最大单一轨迹占比：4.94%（越低越好，表示是否被一种对局垄断） !!!!!!!!!!!!!!!!
!!!!!!!!!!!!!!!! 独特状态比例：30.68%（越高越好，表示不同棋盘局面的覆盖程度） !!!!!!!!!!!!!!!!
!!!!!!!!!!!!!!!! 数据质量结论：可接受，多样性良好 !!!!!!!!!!!!!!!!
!!!!!!!!!!!!!!!! 数据多样性检查结束 !!!!!!!!!!!!!!!!
epoch=1 train_loss=0.4229 val_loss=0.5674 val_acc=0.862 legal=1.000 samples/s=7200
epoch=2 train_loss=0.4173 val_loss=0.5678 val_acc=0.859 legal=1.000 samples/s=7252
epoch=3 train_loss=0.4133 val_loss=0.5710 val_acc=0.864 legal=1.000 samples/s=7138
epoch=4 train_loss=0.4082 val_loss=0.5628 val_acc=0.855 legal=1.000 samples/s=7177
epoch=5 train_loss=0.4060 val_loss=0.5737 val_acc=0.850 legal=1.000 samples/s=7168
epoch=6 train_loss=0.4019 val_loss=0.5624 val_acc=0.859 legal=1.000 samples/s=7118
epoch=7 train_loss=0.3992 val_loss=0.5591 val_acc=0.869 legal=1.000 samples/s=7253
epoch=8 train_loss=0.3973 val_loss=0.5641 val_acc=0.870 legal=1.000 samples/s=7149
epoch=9 train_loss=0.3951 val_loss=0.5709 val_acc=0.866 legal=1.000 samples/s=7248
epoch=10 train_loss=0.3942 val_loss=0.5633 val_acc=0.864 legal=1.000 samples/s=7135
epoch=11 train_loss=0.3918 val_loss=0.5608 val_acc=0.867 legal=1.000 samples/s=7080
epoch=12 train_loss=0.3772 val_loss=0.5489 val_acc=0.870 legal=1.000 samples/s=7158
epoch=13 train_loss=0.3735 val_loss=0.5473 val_acc=0.878 legal=1.000 samples/s=7048
epoch=14 train_loss=0.3698 val_loss=0.5495 val_acc=0.871 legal=1.000 samples/s=7099
epoch=15 train_loss=0.3692 val_loss=0.5484 val_acc=0.874 legal=1.000 samples/s=7130
epoch=16 train_loss=0.3664 val_loss=0.5455 val_acc=0.880 legal=1.000 samples/s=7166
epoch=17 train_loss=0.3671 val_loss=0.5469 val_acc=0.880 legal=1.000 samples/s=7030
epoch=18 train_loss=0.3653 val_loss=0.5478 val_acc=0.872 legal=1.000 samples/s=7050
epoch=19 train_loss=0.3641 val_loss=0.5461 val_acc=0.872 legal=1.000 samples/s=7296
epoch=20 train_loss=0.3628 val_loss=0.5435 val_acc=0.878 legal=1.000 samples/s=7211
epoch=21 train_loss=0.3614 val_loss=0.5445 val_acc=0.874 legal=1.000 samples/s=7311
epoch=22 train_loss=0.3606 val_loss=0.5467 val_acc=0.883 legal=1.000 samples/s=7264
epoch=23 train_loss=0.3600 val_loss=0.5435 val_acc=0.885 legal=1.000 samples/s=7263
epoch=24 train_loss=0.3584 val_loss=0.5431 val_acc=0.879 legal=1.000 samples/s=7324
epoch=25 train_loss=0.3583 val_loss=0.5488 val_acc=0.871 legal=1.000 samples/s=7227
epoch=26 train_loss=0.3572 val_loss=0.5464 val_acc=0.881 legal=1.000 samples/s=7338
epoch=27 train_loss=0.3566 val_loss=0.5472 val_acc=0.880 legal=1.000 samples/s=7235
epoch=28 train_loss=0.3570 val_loss=0.5455 val_acc=0.876 legal=1.000 samples/s=7317
epoch=29 train_loss=0.3505 val_loss=0.5378 val_acc=0.876 legal=1.000 samples/s=7251
epoch=30 train_loss=0.3488 val_loss=0.5350 val_acc=0.884 legal=1.000 samples/s=7274
epoch=31 train_loss=0.3480 val_loss=0.5349 val_acc=0.884 legal=1.000 samples/s=7317
epoch=32 train_loss=0.3471 val_loss=0.5354 val_acc=0.890 legal=1.000 samples/s=7214
epoch=33 train_loss=0.3466 val_loss=0.5385 val_acc=0.873 legal=1.000 samples/s=7326
epoch=34 train_loss=0.3463 val_loss=0.5429 val_acc=0.875 legal=1.000 samples/s=7229
epoch=35 train_loss=0.3449 val_loss=0.5419 val_acc=0.877 legal=1.000 samples/s=7321
epoch=36 train_loss=0.3435 val_loss=0.5382 val_acc=0.886 legal=1.000 samples/s=7256
epoch=37 train_loss=0.3417 val_loss=0.5403 val_acc=0.878 legal=1.000 samples/s=7271
epoch=38 train_loss=0.3415 val_loss=0.5388 val_acc=0.888 legal=1.000 samples/s=7319
epoch=39 train_loss=0.3412 val_loss=0.5388 val_acc=0.886 legal=1.000 samples/s=7223
epoch=40 train_loss=0.3401 val_loss=0.5385 val_acc=0.890 legal=1.000 samples/s=7326
epoch=41 train_loss=0.3400 val_loss=0.5365 val_acc=0.885 legal=1.000 samples/s=7235
epoch=42 train_loss=0.3395 val_loss=0.5389 val_acc=0.887 legal=1.000 samples/s=7330
epoch=43 train_loss=0.3395 val_loss=0.5368 val_acc=0.889 legal=1.000 samples/s=7259
epoch=44 train_loss=0.3388 val_loss=0.5374 val_acc=0.868 legal=1.000 samples/s=7289
early stopping after 44 epochs
