shard-00007.npz: games=16 samples=923 cache=521/923 seconds=60.3 q/s=6.7
shard-00013.npz: games=16 samples=885 cache=472/885 seconds=61.3 q/s=6.7
shard-00015.npz: games=16 samples=944 cache=494/944 seconds=63.5 q/s=7.1
shard-00009.npz: games=16 samples=1000 cache=491/1000 seconds=72.6 q/s=7.0
shard-00004.npz: games=16 samples=1007 cache=477/1007 seconds=74.7 q/s=7.1
shard-00002.npz: games=16 samples=895 cache=415/895 seconds=76.5 q/s=6.3
shard-00014.npz: games=16 samples=911 cache=356/911 seconds=78.1 q/s=7.1
shard-00008.npz: games=16 samples=981 cache=432/981 seconds=78.6 q/s=7.0
shard-00010.npz: games=16 samples=935 cache=432/935 seconds=79.2 q/s=6.4
shard-00001.npz: games=16 samples=1043 cache=484/1043 seconds=79.3 q/s=7.0
shard-00011.npz: games=16 samples=1014 cache=391/1014 seconds=83.5 q/s=7.5
shard-00012.npz: games=16 samples=1130 cache=496/1130 seconds=84.6 q/s=7.5
shard-00003.npz: games=16 samples=1030 cache=405/1030 seconds=84.9 q/s=7.4
shard-00000.npz: games=16 samples=1101 cache=439/1101 seconds=85.3 q/s=7.8
shard-00006.npz: games=16 samples=1172 cache=483/1172 seconds=86.8 q/s=7.9
shard-00005.npz: games=16 samples=1020 cache=314/1020 seconds=88.8 q/s=7.9
shard-00018.npz: games=16 samples=808 cache=423/808 seconds=55.8 q/s=6.9
shard-00026.npz: games=16 samples=775 cache=409/775 seconds=57.6 q/s=6.3
shard-00025.npz: games=16 samples=841 cache=404/841 seconds=63.5 q/s=6.9
shard-00023.npz: games=16 samples=960 cache=501/960 seconds=64.0 q/s=7.2
shard-00030.npz: games=16 samples=1060 cache=583/1060 seconds=65.2 q/s=7.3
shard-00021.npz: games=16 samples=949 cache=446/949 seconds=69.5 q/s=7.2
shard-00017.npz: games=16 samples=1009 cache=510/1009 seconds=70.8 q/s=7.0
shard-00027.npz: games=16 samples=957 cache=420/957 seconds=72.8 q/s=7.4
shard-00028.npz: games=16 samples=939 cache=412/939 seconds=73.6 q/s=7.2
shard-00016.npz: games=16 samples=965 cache=405/965 seconds=74.8 q/s=7.5
shard-00029.npz: games=16 samples=1024 cache=442/1024 seconds=74.8 q/s=7.8
shard-00031.npz: games=16 samples=1180 cache=583/1180 seconds=74.9 q/s=8.0
shard-00020.npz: games=16 samples=1079 cache=492/1079 seconds=75.4 q/s=7.8
shard-00022.npz: games=16 samples=975 cache=385/975 seconds=77.6 q/s=7.6
shard-00024.npz: games=16 samples=1118 cache=478/1118 seconds=78.4 q/s=8.2
shard-00019.npz: games=16 samples=1248 cache=367/1248 seconds=94.3 q/s=9.3
shard-00034.npz: games=16 samples=1011 cache=604/1011 seconds=52.7 q/s=7.7
shard-00040.npz: games=16 samples=1007 cache=560/1007 seconds=61.7 q/s=7.3
shard-00033.npz: games=16 samples=970 cache=489/970 seconds=65.2 q/s=7.4
shard-00045.npz: games=16 samples=909 cache=456/909 seconds=65.6 q/s=6.9
shard-00035.npz: games=16 samples=805 cache=383/805 seconds=66.0 q/s=6.4
shard-00044.npz: games=16 samples=1073 cache=549/1073 seconds=67.0 q/s=7.8
shard-00032.npz: games=16 samples=899 cache=425/899 seconds=68.4 q/s=6.9
shard-00036.npz: games=16 samples=1060 cache=560/1060 seconds=69.6 q/s=7.2
shard-00047.npz: games=16 samples=1048 cache=520/1048 seconds=71.7 q/s=7.4
shard-00041.npz: games=16 samples=945 cache=444/945 seconds=72.3 q/s=6.9
shard-00038.npz: games=16 samples=986 cache=430/986 seconds=73.2 q/s=7.6
shard-00039.npz: games=16 samples=970 cache=399/970 seconds=74.7 q/s=7.6
shard-00042.npz: games=16 samples=997 cache=418/997 seconds=77.5 q/s=7.5
shard-00043.npz: games=16 samples=910 cache=307/910 seconds=78.8 q/s=7.7
shard-00037.npz: games=16 samples=1189 cache=459/1189 seconds=84.1 q/s=8.7
shard-00046.npz: games=16 samples=1051 cache=303/1051 seconds=87.0 q/s=8.6
shard-00051.npz: games=16 samples=930 cache=546/930 seconds=50.4 q/s=7.6
shard-00052.npz: games=16 samples=951 cache=579/951 seconds=52.6 q/s=7.1
shard-00050.npz: games=16 samples=1013 cache=601/1013 seconds=54.1 q/s=7.6
shard-00048.npz: games=16 samples=969 cache=466/969 seconds=71.1 q/s=7.1
shard-00063.npz: games=16 samples=942 cache=412/942 seconds=71.8 q/s=7.4
shard-00061.npz: games=16 samples=932 cache=411/932 seconds=74.4 q/s=7.0
shard-00049.npz: games=16 samples=1021 cache=490/1021 seconds=75.2 q/s=7.1
shard-00055.npz: games=16 samples=946 cache=410/946 seconds=75.6 q/s=7.1
shard-00058.npz: games=16 samples=946 cache=389/946 seconds=76.0 q/s=7.3
shard-00059.npz: games=16 samples=1016 cache=409/1016 seconds=76.1 q/s=8.0
shard-00056.npz: games=16 samples=1010 cache=436/1010 seconds=78.2 q/s=7.3
shard-00054.npz: games=16 samples=1089 cache=449/1089 seconds=80.7 q/s=7.9
shard-00062.npz: games=16 samples=1027 cache=405/1027 seconds=83.7 q/s=7.4
shard-00060.npz: games=16 samples=1240 cache=524/1240 seconds=86.1 q/s=8.3
shard-00053.npz: games=16 samples=1114 cache=386/1114 seconds=86.9 q/s=8.4
shard-00057.npz: games=16 samples=1207 cache=396/1207 seconds=92.1 q/s=8.8
coverage: games=1024 new=22329/50000 win=357/0 block=2473/0 fork=5866/0
shard-00077.npz: games=16 samples=891 cache=526/891 seconds=54.6 q/s=6.7
shard-00079.npz: games=16 samples=1000 cache=588/1000 seconds=56.1 q/s=7.3
shard-00067.npz: games=16 samples=1224 cache=727/1224 seconds=62.9 q/s=7.9
shard-00068.npz: games=16 samples=920 cache=439/920 seconds=65.4 q/s=7.4
shard-00075.npz: games=16 samples=824 cache=334/824 seconds=69.5 q/s=7.0
shard-00074.npz: games=16 samples=1027 cache=519/1027 seconds=70.4 q/s=7.2
shard-00076.npz: games=16 samples=988 cache=474/988 seconds=70.5 q/s=7.3
shard-00066.npz: games=16 samples=990 cache=477/990 seconds=70.7 q/s=7.3
shard-00070.npz: games=16 samples=1037 cache=508/1037 seconds=72.4 q/s=7.3
shard-00072.npz: games=16 samples=1042 cache=509/1042 seconds=73.0 q/s=7.3
shard-00069.npz: games=16 samples=1031 cache=458/1031 seconds=75.3 q/s=7.6
shard-00078.npz: games=16 samples=1070 cache=452/1070 seconds=75.5 q/s=8.2
shard-00073.npz: games=16 samples=975 cache=422/975 seconds=75.5 q/s=7.3
shard-00071.npz: games=16 samples=1052 cache=446/1052 seconds=79.1 q/s=7.7
shard-00064.npz: games=16 samples=1052 cache=390/1052 seconds=80.1 q/s=8.3
shard-00065.npz: games=16 samples=1081 cache=348/1081 seconds=84.6 q/s=8.7
coverage: games=1280 new=27559/50000 win=442/0 block=3129/0 fork=7372/0
shard-00093.npz: games=16 samples=900 cache=537/900 seconds=51.6 q/s=7.0
shard-00094.npz: games=16 samples=1014 cache=608/1014 seconds=58.1 q/s=7.0
shard-00084.npz: games=16 samples=1018 cache=556/1018 seconds=60.3 q/s=7.7
shard-00081.npz: games=16 samples=958 cache=527/958 seconds=65.0 q/s=6.6
shard-00091.npz: games=16 samples=953 cache=484/953 seconds=65.5 q/s=7.2
shard-00082.npz: games=16 samples=932 cache=462/932 seconds=65.7 q/s=7.2
shard-00083.npz: games=16 samples=1081 cache=621/1081 seconds=66.2 q/s=7.0
shard-00090.npz: games=16 samples=972 cache=490/972 seconds=67.7 q/s=7.1
shard-00086.npz: games=16 samples=952 cache=476/952 seconds=69.5 q/s=6.9
shard-00088.npz: games=16 samples=996 cache=453/996 seconds=73.0 q/s=7.4
shard-00080.npz: games=16 samples=1101 cache=531/1101 seconds=73.8 q/s=7.7
shard-00087.npz: games=16 samples=1125 cache=528/1125 seconds=75.1 q/s=8.0
shard-00092.npz: games=16 samples=941 cache=367/941 seconds=76.0 q/s=7.6
shard-00095.npz: games=16 samples=978 cache=364/978 seconds=76.9 q/s=8.0
shard-00089.npz: games=16 samples=1101 cache=424/1101 seconds=83.0 q/s=8.2
shard-00085.npz: games=16 samples=1234 cache=407/1234 seconds=90.3 q/s=9.2
coverage: games=1536 new=31792/50000 win=527/0 block=3752/0 fork=8871/0
shard-00101.npz: games=16 samples=950 cache=567/950 seconds=57.2 q/s=6.7
shard-00103.npz: games=16 samples=893 cache=460/893 seconds=63.8 q/s=6.8
shard-00096.npz: games=16 samples=906 cache=449/906 seconds=66.0 q/s=6.9
shard-00102.npz: games=16 samples=1004 cache=472/1004 seconds=71.0 q/s=7.5
shard-00111.npz: games=16 samples=1126 cache=529/1126 seconds=79.0 q/s=7.6
shard-00105.npz: games=16 samples=962 cache=391/962 seconds=79.6 q/s=7.2
shard-00104.npz: games=16 samples=1060 cache=446/1060 seconds=79.7 q/s=7.7
shard-00098.npz: games=16 samples=1052 cache=457/1052 seconds=80.4 q/s=7.4
shard-00106.npz: games=16 samples=1099 cache=481/1099 seconds=80.5 q/s=7.7
shard-00097.npz: games=16 samples=1154 cache=544/1154 seconds=81.9 q/s=7.4
shard-00100.npz: games=16 samples=1081 cache=484/1081 seconds=82.2 q/s=7.3
shard-00110.npz: games=16 samples=1058 cache=418/1058 seconds=83.9 q/s=7.6
shard-00099.npz: games=16 samples=1081 cache=406/1081 seconds=85.0 q/s=7.9
shard-00107.npz: games=16 samples=980 cache=370/980 seconds=85.4 q/s=7.1
shard-00108.npz: games=16 samples=1070 cache=439/1070 seconds=85.7 q/s=7.4
shard-00109.npz: games=16 samples=1190 cache=406/1190 seconds=92.3 q/s=8.5
coverage: games=1792 new=36399/50000 win=609/0 block=4359/0 fork=10395/0
shard-00117.npz: games=16 samples=888 cache=455/888 seconds=67.8 q/s=6.4
shard-00126.npz: games=16 samples=1067 cache=543/1067 seconds=71.4 q/s=7.3
shard-00120.npz: games=16 samples=886 cache=410/886 seconds=71.6 q/s=6.6
shard-00116.npz: games=16 samples=976 cache=492/976 seconds=72.3 q/s=6.7
shard-00119.npz: games=16 samples=860 cache=392/860 seconds=72.8 q/s=6.4
shard-00123.npz: games=16 samples=1103 cache=571/1103 seconds=76.7 q/s=6.9
shard-00112.npz: games=16 samples=1025 cache=506/1025 seconds=77.8 q/s=6.7
shard-00127.npz: games=16 samples=1004 cache=435/1004 seconds=79.8 q/s=7.1
shard-00113.npz: games=16 samples=1110 cache=520/1110 seconds=82.1 q/s=7.2
shard-00115.npz: games=16 samples=1062 cache=443/1062 seconds=83.1 q/s=7.5
shard-00124.npz: games=16 samples=1061 cache=440/1061 seconds=84.1 q/s=7.4
shard-00122.npz: games=16 samples=1096 cache=490/1096 seconds=84.9 q/s=7.1
shard-00114.npz: games=16 samples=1070 cache=413/1070 seconds=86.5 q/s=7.6
shard-00121.npz: games=16 samples=1138 cache=521/1138 seconds=86.5 q/s=7.1
shard-00125.npz: games=16 samples=1041 cache=395/1041 seconds=87.3 q/s=7.4
shard-00118.npz: games=16 samples=1077 cache=428/1077 seconds=88.3 q/s=7.4
coverage: games=2048 new=40488/50000 win=688/0 block=4942/0 fork=11823/0
shard-00132.npz: games=16 samples=633 cache=313/633 seconds=51.0 q/s=6.3
shard-00134.npz: games=16 samples=1128 cache=646/1128 seconds=65.7 q/s=7.3
shard-00141.npz: games=16 samples=967 cache=522/967 seconds=66.7 q/s=6.7
shard-00138.npz: games=16 samples=934 cache=469/934 seconds=68.8 q/s=6.8
shard-00135.npz: games=16 samples=943 cache=425/943 seconds=73.9 q/s=7.0
shard-00137.npz: games=16 samples=943 cache=443/943 seconds=74.7 q/s=6.7
shard-00128.npz: games=16 samples=937 cache=401/937 seconds=75.9 q/s=7.1
shard-00129.npz: games=16 samples=952 cache=416/952 seconds=77.9 q/s=6.9
shard-00142.npz: games=16 samples=931 cache=391/931 seconds=78.4 q/s=6.9
shard-00143.npz: games=16 samples=1011 cache=418/1011 seconds=78.5 q/s=7.6
shard-00130.npz: games=16 samples=1138 cache=550/1138 seconds=78.7 q/s=7.5
shard-00139.npz: games=16 samples=916 cache=331/916 seconds=81.9 q/s=7.1
shard-00136.npz: games=16 samples=1056 cache=447/1056 seconds=83.2 q/s=7.3
shard-00131.npz: games=16 samples=1186 cache=490/1186 seconds=84.3 q/s=8.3
shard-00140.npz: games=16 samples=1183 cache=433/1183 seconds=87.4 q/s=8.6
shard-00133.npz: games=16 samples=1158 cache=393/1158 seconds=89.7 q/s=8.5
coverage: games=2304 new=44303/50000 win=778/0 block=5630/0 fork=13364/0
shard-00144.npz: games=16 samples=906 cache=510/906 seconds=59.4 q/s=6.7
shard-00155.npz: games=16 samples=944 cache=504/944 seconds=66.2 q/s=6.6
shard-00146.npz: games=16 samples=922 cache=492/922 seconds=66.5 q/s=6.5
shard-00147.npz: games=16 samples=924 cache=435/924 seconds=73.8 q/s=6.6
shard-00150.npz: games=16 samples=1187 cache=677/1187 seconds=73.8 q/s=6.9
shard-00148.npz: games=16 samples=1050 cache=536/1050 seconds=75.4 q/s=6.8
shard-00145.npz: games=16 samples=994 cache=453/994 seconds=76.9 q/s=7.0
shard-00156.npz: games=16 samples=974 cache=428/974 seconds=78.4 q/s=7.0
shard-00149.npz: games=16 samples=962 cache=440/962 seconds=78.7 q/s=6.6
shard-00151.npz: games=16 samples=1004 cache=459/1004 seconds=79.0 q/s=6.9
shard-00159.npz: games=16 samples=1021 cache=440/1021 seconds=82.2 q/s=7.1
shard-00158.npz: games=16 samples=1066 cache=477/1066 seconds=83.5 q/s=7.1
shard-00154.npz: games=16 samples=1010 cache=416/1010 seconds=83.5 q/s=7.1
shard-00157.npz: games=16 samples=1031 cache=409/1031 seconds=84.1 q/s=7.4
shard-00152.npz: games=16 samples=1000 cache=410/1000 seconds=84.4 q/s=7.0
shard-00153.npz: games=16 samples=1095 cache=405/1095 seconds=88.8 q/s=7.8
coverage: games=2560 new=47920/50000 win=864/0 block=6208/0 fork=14756/0
shard-00167.npz: games=16 samples=850 cache=548/850 seconds=47.8 q/s=6.3
shard-00170.npz: games=16 samples=886 cache=524/886 seconds=57.9 q/s=6.3
shard-00173.npz: games=16 samples=992 cache=551/992 seconds=65.3 q/s=6.8
shard-00166.npz: games=16 samples=943 cache=538/943 seconds=65.5 q/s=6.2
shard-00174.npz: games=16 samples=1020 cache=568/1020 seconds=70.1 q/s=6.5
shard-00171.npz: games=16 samples=986 cache=482/986 seconds=82.6 q/s=6.1
shard-00168.npz: games=16 samples=1020 cache=478/1020 seconds=85.0 q/s=6.4
shard-00163.npz: games=16 samples=827 cache=364/827 seconds=85.7 q/s=5.4
shard-00175.npz: games=16 samples=927 cache=381/927 seconds=87.0 q/s=6.3
shard-00161.npz: games=16 samples=1092 cache=587/1092 seconds=89.3 q/s=5.7
shard-00164.npz: games=16 samples=1077 cache=553/1077 seconds=89.9 q/s=5.8
shard-00169.npz: games=16 samples=952 cache=408/952 seconds=91.9 q/s=5.9
shard-00165.npz: games=16 samples=882 cache=287/882 seconds=96.2 q/s=6.2
shard-00160.npz: games=16 samples=1004 cache=391/1004 seconds=97.3 q/s=6.3
shard-00172.npz: games=16 samples=989 cache=354/989 seconds=99.9 q/s=6.4
shard-00162.npz: games=16 samples=1002 cache=319/1002 seconds=102.8 q/s=6.6
coverage: games=2816 new=51153/50000 win=961/0 block=6830/0 fork=16136/0
!!!!!!!!!!!!!!!! 数据多样性量化结果 !!!!!!!!!!!!!!!!
!!!!!!!!!!!!!!!! 有效轨迹比例：21.22%（越高越好） !!!!!!!!!!!!!!!!
!!!!!!!!!!!!!!!! 最大单一轨迹占比：4.26%（越低越好） !!!!!!!!!!!!!!!!
!!!!!!!!!!!!!!!! 独特状态比例：32.87%（越高越好） !!!!!!!!!!!!!!!!
!!!!!!!!!!!!!!!! 数据质量结论：可接受，多样性良好 !!!!!!!!!!!!!!!!
complete: samples=177206 cache_hit_rate=0.458 expert_queries=96092
