shard-00002.npz: games=16 samples=914 cache=619/914 seconds=40.0 q/s=7.4
shard-00000.npz: games=16 samples=833 cache=508/833 seconds=42.2 q/s=7.7
shard-00011.npz: games=16 samples=1013 cache=627/1013 seconds=51.6 q/s=7.5
shard-00014.npz: games=16 samples=912 cache=518/912 seconds=52.9 q/s=7.4
shard-00012.npz: games=16 samples=892 cache=477/892 seconds=54.2 q/s=7.7
shard-00010.npz: games=16 samples=1016 cache=626/1016 seconds=55.4 q/s=7.0
shard-00003.npz: games=16 samples=1033 cache=585/1033 seconds=55.9 q/s=8.0
shard-00008.npz: games=16 samples=1036 cache=602/1036 seconds=56.9 q/s=7.6
shard-00001.npz: games=16 samples=939 cache=522/939 seconds=57.3 q/s=7.3
shard-00006.npz: games=16 samples=959 cache=547/959 seconds=58.0 q/s=7.1
shard-00007.npz: games=16 samples=1018 cache=555/1018 seconds=58.6 q/s=7.9
shard-00004.npz: games=16 samples=1139 cache=645/1139 seconds=58.7 q/s=8.4
shard-00015.npz: games=16 samples=922 cache=485/922 seconds=59.3 q/s=7.4
shard-00009.npz: games=16 samples=1066 cache=566/1066 seconds=61.4 q/s=8.1
shard-00005.npz: games=16 samples=931 cache=424/931 seconds=63.4 q/s=8.0
shard-00013.npz: games=16 samples=1080 cache=490/1080 seconds=68.3 q/s=8.6
shard-00031.npz: games=16 samples=814 cache=544/814 seconds=40.1 q/s=6.7
shard-00025.npz: games=16 samples=752 cache=434/752 seconds=48.6 q/s=6.5
shard-00023.npz: games=16 samples=943 cache=571/943 seconds=50.3 q/s=7.4
shard-00020.npz: games=16 samples=910 cache=525/910 seconds=52.6 q/s=7.3
shard-00021.npz: games=16 samples=1016 cache=657/1016 seconds=53.0 q/s=6.8
shard-00019.npz: games=16 samples=996 cache=637/996 seconds=53.1 q/s=6.8
shard-00030.npz: games=16 samples=932 cache=516/932 seconds=53.5 q/s=7.8
shard-00016.npz: games=16 samples=915 cache=528/915 seconds=55.3 q/s=7.0
shard-00022.npz: games=16 samples=1023 cache=567/1023 seconds=58.6 q/s=7.8
shard-00024.npz: games=16 samples=954 cache=552/954 seconds=59.1 q/s=6.8
shard-00027.npz: games=16 samples=1022 cache=558/1022 seconds=59.8 q/s=7.8
shard-00017.npz: games=16 samples=1000 cache=547/1000 seconds=60.1 q/s=7.5
shard-00026.npz: games=16 samples=1088 cache=588/1088 seconds=64.0 q/s=7.8
shard-00018.npz: games=16 samples=1136 cache=589/1136 seconds=66.6 q/s=8.2
shard-00028.npz: games=16 samples=1057 cache=448/1057 seconds=67.8 q/s=9.0
shard-00029.npz: games=16 samples=1083 cache=452/1083 seconds=70.7 q/s=8.9
shard-00036.npz: games=16 samples=901 cache=700/901 seconds=31.2 q/s=6.4
shard-00041.npz: games=16 samples=994 cache=679/994 seconds=41.0 q/s=7.7
shard-00034.npz: games=16 samples=913 cache=580/913 seconds=42.7 q/s=7.8
shard-00039.npz: games=16 samples=901 cache=591/901 seconds=46.3 q/s=6.7
shard-00047.npz: games=16 samples=945 cache=596/945 seconds=48.0 q/s=7.3
shard-00038.npz: games=16 samples=1085 cache=717/1085 seconds=49.2 q/s=7.5
shard-00037.npz: games=16 samples=1086 cache=699/1086 seconds=52.7 q/s=7.3
shard-00033.npz: games=16 samples=1066 cache=628/1066 seconds=53.1 q/s=8.3
shard-00043.npz: games=16 samples=934 cache=535/934 seconds=54.3 q/s=7.3
shard-00045.npz: games=16 samples=970 cache=559/970 seconds=56.2 q/s=7.3
shard-00040.npz: games=16 samples=880 cache=441/880 seconds=57.3 q/s=7.7
shard-00044.npz: games=16 samples=1089 cache=636/1089 seconds=57.5 q/s=7.9
shard-00032.npz: games=16 samples=974 cache=493/974 seconds=58.4 q/s=8.2
shard-00046.npz: games=16 samples=959 cache=485/959 seconds=59.2 q/s=8.0
shard-00042.npz: games=16 samples=1040 cache=516/1040 seconds=64.2 q/s=8.2
shard-00035.npz: games=16 samples=1113 cache=479/1113 seconds=67.9 q/s=9.3
shard-00063.npz: games=16 samples=899 cache=621/899 seconds=34.8 q/s=8.0
shard-00060.npz: games=16 samples=650 cache=369/650 seconds=38.4 q/s=7.3
shard-00051.npz: games=16 samples=915 cache=589/915 seconds=43.0 q/s=7.6
shard-00057.npz: games=16 samples=998 cache=672/998 seconds=44.7 q/s=7.3
shard-00053.npz: games=16 samples=1075 cache=678/1075 seconds=48.8 q/s=8.1
shard-00050.npz: games=16 samples=1016 cache=611/1016 seconds=50.1 q/s=8.1
shard-00049.npz: games=16 samples=952 cache=588/952 seconds=50.7 q/s=7.2
shard-00061.npz: games=16 samples=951 cache=518/951 seconds=51.6 q/s=8.4
shard-00054.npz: games=16 samples=994 cache=588/994 seconds=52.9 q/s=7.7
shard-00056.npz: games=16 samples=996 cache=570/996 seconds=55.8 q/s=7.6
shard-00055.npz: games=16 samples=1075 cache=594/1075 seconds=56.5 q/s=8.5
shard-00062.npz: games=16 samples=883 cache=447/883 seconds=56.8 q/s=7.7
shard-00048.npz: games=16 samples=1001 cache=528/1001 seconds=58.7 q/s=8.1
shard-00058.npz: games=16 samples=1016 cache=557/1016 seconds=59.0 q/s=7.8
shard-00059.npz: games=16 samples=1134 cache=557/1134 seconds=62.6 q/s=9.2
shard-00052.npz: games=16 samples=1054 cache=406/1054 seconds=69.0 q/s=9.4
coverage: games=1024 new=17800/50000 win=386/0 block=2678/0 fork=6013/0
shard-00074.npz: games=16 samples=896 cache=586/896 seconds=41.4 q/s=7.5
shard-00065.npz: games=16 samples=825 cache=523/825 seconds=43.5 q/s=7.0
shard-00079.npz: games=16 samples=861 cache=535/861 seconds=47.5 q/s=6.9
shard-00064.npz: games=16 samples=935 cache=605/935 seconds=52.1 q/s=6.3
shard-00073.npz: games=16 samples=1126 cache=687/1126 seconds=56.1 q/s=7.8
shard-00070.npz: games=16 samples=1072 cache=639/1072 seconds=58.9 q/s=7.3
shard-00075.npz: games=16 samples=1061 cache=580/1061 seconds=59.6 q/s=8.1
shard-00068.npz: games=16 samples=1025 cache=560/1025 seconds=59.8 q/s=7.8
shard-00077.npz: games=16 samples=1036 cache=546/1036 seconds=64.9 q/s=7.6
shard-00072.npz: games=16 samples=973 cache=493/973 seconds=66.7 q/s=7.2
shard-00076.npz: games=16 samples=1092 cache=527/1092 seconds=67.9 q/s=8.3
shard-00066.npz: games=16 samples=1154 cache=614/1154 seconds=68.1 q/s=7.9
shard-00069.npz: games=16 samples=1046 cache=476/1046 seconds=68.6 q/s=8.3
shard-00067.npz: games=16 samples=1124 cache=558/1124 seconds=68.6 q/s=8.2
shard-00071.npz: games=16 samples=1008 cache=476/1008 seconds=69.2 q/s=7.7
shard-00078.npz: games=16 samples=1239 cache=596/1239 seconds=72.6 q/s=8.9
coverage: games=1280 new=21857/50000 win=468/0 block=3340/0 fork=7576/0
shard-00090.npz: games=16 samples=1020 cache=695/1020 seconds=39.8 q/s=8.2
shard-00086.npz: games=16 samples=961 cache=619/961 seconds=49.1 q/s=7.0
shard-00094.npz: games=16 samples=1117 cache=763/1117 seconds=49.7 q/s=7.1
shard-00093.npz: games=16 samples=875 cache=508/875 seconds=52.4 q/s=7.0
shard-00087.npz: games=16 samples=1123 cache=733/1123 seconds=52.6 q/s=7.4
shard-00083.npz: games=16 samples=917 cache=517/917 seconds=53.5 q/s=7.5
shard-00082.npz: games=16 samples=856 cache=510/856 seconds=54.1 q/s=6.4
shard-00089.npz: games=16 samples=838 cache=457/838 seconds=54.8 q/s=7.0
shard-00095.npz: games=16 samples=926 cache=545/926 seconds=55.8 q/s=6.8
shard-00084.npz: games=16 samples=1085 cache=618/1085 seconds=56.1 q/s=8.3
shard-00085.npz: games=16 samples=854 cache=458/854 seconds=56.8 q/s=7.0
shard-00081.npz: games=16 samples=1020 cache=595/1020 seconds=58.4 q/s=7.3
shard-00091.npz: games=16 samples=927 cache=468/927 seconds=59.4 q/s=7.7
shard-00092.npz: games=16 samples=977 cache=489/977 seconds=59.9 q/s=8.1
shard-00080.npz: games=16 samples=1088 cache=600/1088 seconds=61.9 q/s=7.9
shard-00088.npz: games=16 samples=1079 cache=538/1079 seconds=64.0 q/s=8.5
coverage: games=1536 new=25382/50000 win=562/0 block=3998/0 fork=9106/0
shard-00103.npz: games=16 samples=1076 cache=723/1076 seconds=49.2 q/s=7.2
shard-00109.npz: games=16 samples=1077 cache=711/1077 seconds=52.2 q/s=7.0
shard-00104.npz: games=16 samples=936 cache=551/936 seconds=52.4 q/s=7.3
shard-00108.npz: games=16 samples=975 cache=626/975 seconds=52.4 q/s=6.7
shard-00110.npz: games=16 samples=1130 cache=742/1130 seconds=52.6 q/s=7.4
shard-00098.npz: games=16 samples=889 cache=464/889 seconds=58.7 q/s=7.2
shard-00100.npz: games=16 samples=1023 cache=591/1023 seconds=59.4 q/s=7.3
shard-00102.npz: games=16 samples=989 cache=561/989 seconds=59.8 q/s=7.2
shard-00111.npz: games=16 samples=1193 cache=778/1193 seconds=60.8 q/s=6.8
shard-00101.npz: games=16 samples=1091 cache=632/1091 seconds=61.8 q/s=7.4
shard-00106.npz: games=16 samples=873 cache=423/873 seconds=62.8 q/s=7.2
shard-00097.npz: games=16 samples=1005 cache=542/1005 seconds=64.3 q/s=7.2
shard-00096.npz: games=16 samples=1190 cache=682/1190 seconds=64.6 q/s=7.9
shard-00099.npz: games=16 samples=957 cache=415/957 seconds=67.3 q/s=8.0
shard-00107.npz: games=16 samples=1184 cache=593/1184 seconds=68.9 q/s=8.6
shard-00105.npz: games=16 samples=960 cache=399/960 seconds=71.4 q/s=7.9
coverage: games=1792 new=29409/50000 win=646/0 block=4626/0 fork=10651/0
shard-00112.npz: games=16 samples=756 cache=545/756 seconds=34.7 q/s=6.1
shard-00127.npz: games=16 samples=1078 cache=746/1078 seconds=45.8 q/s=7.2
shard-00114.npz: games=16 samples=877 cache=530/877 seconds=46.8 q/s=7.4
shard-00117.npz: games=16 samples=1124 cache=798/1124 seconds=47.9 q/s=6.8
shard-00120.npz: games=16 samples=1016 cache=655/1016 seconds=49.2 q/s=7.3
shard-00123.npz: games=16 samples=1074 cache=701/1074 seconds=52.2 q/s=7.1
shard-00118.npz: games=16 samples=916 cache=541/916 seconds=52.5 q/s=7.1
shard-00113.npz: games=16 samples=1051 cache=667/1051 seconds=53.0 q/s=7.2
shard-00126.npz: games=16 samples=923 cache=562/923 seconds=53.5 q/s=6.7
shard-00119.npz: games=16 samples=985 cache=591/985 seconds=53.7 q/s=7.3
shard-00122.npz: games=16 samples=840 cache=452/840 seconds=54.1 q/s=7.2
shard-00116.npz: games=16 samples=1074 cache=616/1074 seconds=55.6 q/s=8.2
shard-00125.npz: games=16 samples=977 cache=544/977 seconds=56.6 q/s=7.7
shard-00121.npz: games=16 samples=1007 cache=568/1007 seconds=57.2 q/s=7.7
shard-00124.npz: games=16 samples=1118 cache=642/1118 seconds=58.4 q/s=8.1
shard-00115.npz: games=16 samples=1088 cache=506/1088 seconds=66.0 q/s=8.8
coverage: games=2048 new=32919/50000 win=736/0 block=5254/0 fork=12185/0
shard-00134.npz: games=16 samples=961 cache=641/961 seconds=41.6 q/s=7.7
shard-00143.npz: games=16 samples=1084 cache=742/1084 seconds=44.5 q/s=7.7
shard-00129.npz: games=16 samples=912 cache=552/912 seconds=48.7 q/s=7.4
shard-00141.npz: games=16 samples=911 cache=560/911 seconds=48.9 q/s=7.2
shard-00137.npz: games=16 samples=1078 cache=665/1078 seconds=54.4 q/s=7.6
shard-00142.npz: games=16 samples=957 cache=533/957 seconds=56.8 q/s=7.5
shard-00138.npz: games=16 samples=1018 cache=600/1018 seconds=58.7 q/s=7.1
shard-00135.npz: games=16 samples=1030 cache=578/1030 seconds=61.0 q/s=7.4
shard-00136.npz: games=16 samples=866 cache=411/866 seconds=62.8 q/s=7.2
shard-00139.npz: games=16 samples=964 cache=491/964 seconds=64.1 q/s=7.4
shard-00130.npz: games=16 samples=1105 cache=606/1105 seconds=65.0 q/s=7.7
shard-00133.npz: games=16 samples=1058 cache=532/1058 seconds=66.3 q/s=7.9
shard-00132.npz: games=16 samples=955 cache=433/955 seconds=66.5 q/s=7.8
shard-00140.npz: games=16 samples=980 cache=451/980 seconds=67.4 q/s=7.8
shard-00128.npz: games=16 samples=1234 cache=639/1234 seconds=69.7 q/s=8.5
shard-00131.npz: games=16 samples=1191 cache=500/1191 seconds=73.8 q/s=9.4
coverage: games=2304 new=37178/50000 win=821/0 block=5937/0 fork=13737/0
shard-00144.npz: games=16 samples=967 cache=681/967 seconds=40.3 q/s=7.1
shard-00147.npz: games=16 samples=1008 cache=719/1008 seconds=40.9 q/s=7.1
shard-00145.npz: games=16 samples=832 cache=543/832 seconds=44.8 q/s=6.4
shard-00151.npz: games=16 samples=983 cache=632/983 seconds=46.6 q/s=7.5
shard-00148.npz: games=16 samples=930 cache=606/930 seconds=47.5 q/s=6.8
shard-00154.npz: games=16 samples=1023 cache=639/1023 seconds=54.6 q/s=7.0
shard-00157.npz: games=16 samples=907 cache=457/907 seconds=57.0 q/s=7.9
shard-00158.npz: games=16 samples=996 cache=568/996 seconds=58.2 q/s=7.4
shard-00146.npz: games=16 samples=956 cache=533/956 seconds=59.4 q/s=7.1
shard-00155.npz: games=16 samples=798 cache=415/798 seconds=59.5 q/s=6.4
shard-00152.npz: games=16 samples=963 cache=549/963 seconds=59.6 q/s=6.9
shard-00149.npz: games=16 samples=918 cache=476/918 seconds=59.7 q/s=7.4
shard-00150.npz: games=16 samples=1014 cache=547/1014 seconds=61.2 q/s=7.6
shard-00153.npz: games=16 samples=1174 cache=659/1174 seconds=62.0 q/s=8.3
shard-00156.npz: games=16 samples=1010 cache=505/1010 seconds=62.3 q/s=8.1
shard-00159.npz: games=16 samples=1138 cache=574/1138 seconds=64.8 q/s=8.7
coverage: games=2560 new=40307/50000 win=916/0 block=6634/0 fork=15224/0
shard-00173.npz: games=16 samples=846 cache=568/846 seconds=40.8 q/s=6.8
shard-00169.npz: games=16 samples=893 cache=548/893 seconds=45.4 q/s=7.6
shard-00170.npz: games=16 samples=1016 cache=672/1016 seconds=46.2 q/s=7.4
shard-00164.npz: games=16 samples=1015 cache=668/1015 seconds=48.3 q/s=7.2
shard-00171.npz: games=16 samples=926 cache=555/926 seconds=48.5 q/s=7.6
shard-00160.npz: games=16 samples=922 cache=558/922 seconds=50.7 q/s=7.2
shard-00162.npz: games=16 samples=783 cache=441/783 seconds=51.0 q/s=6.7
shard-00167.npz: games=16 samples=1188 cache=811/1188 seconds=54.0 q/s=7.0
shard-00166.npz: games=16 samples=919 cache=540/919 seconds=54.8 q/s=6.9
shard-00161.npz: games=16 samples=1036 cache=626/1036 seconds=54.9 q/s=7.5
shard-00174.npz: games=16 samples=920 cache=523/920 seconds=57.7 q/s=6.9
shard-00163.npz: games=16 samples=1061 cache=632/1061 seconds=58.1 q/s=7.4
shard-00168.npz: games=16 samples=996 cache=522/996 seconds=59.0 q/s=8.0
shard-00172.npz: games=16 samples=921 cache=417/921 seconds=63.6 q/s=7.9
shard-00165.npz: games=16 samples=1082 cache=533/1082 seconds=65.4 q/s=8.4
shard-00175.npz: games=16 samples=1099 cache=493/1099 seconds=66.7 q/s=9.1
coverage: games=2816 new=43869/50000 win=1013/0 block=7309/0 fork=16740/0
shard-00189.npz: games=16 samples=753 cache=518/753 seconds=34.5 q/s=6.8
shard-00188.npz: games=16 samples=917 cache=662/917 seconds=37.4 q/s=6.8
shard-00180.npz: games=16 samples=869 cache=556/869 seconds=46.2 q/s=6.8
shard-00178.npz: games=16 samples=1063 cache=677/1063 seconds=47.5 q/s=8.1
shard-00183.npz: games=16 samples=1022 cache=683/1022 seconds=47.7 q/s=7.1
shard-00181.npz: games=16 samples=959 cache=617/959 seconds=48.9 q/s=7.0
shard-00176.npz: games=16 samples=804 cache=478/804 seconds=51.5 q/s=6.3
shard-00186.npz: games=16 samples=985 cache=631/985 seconds=53.2 q/s=6.7
shard-00177.npz: games=16 samples=874 cache=495/874 seconds=54.4 q/s=7.0
shard-00187.npz: games=16 samples=975 cache=506/975 seconds=58.4 q/s=8.0
shard-00182.npz: games=16 samples=1080 cache=615/1080 seconds=58.9 q/s=7.9
shard-00184.npz: games=16 samples=1157 cache=700/1157 seconds=59.4 q/s=7.7
shard-00190.npz: games=16 samples=987 cache=487/987 seconds=60.2 q/s=8.3
shard-00191.npz: games=16 samples=1030 cache=556/1030 seconds=60.9 q/s=7.8
shard-00179.npz: games=16 samples=1100 cache=545/1100 seconds=62.9 q/s=8.8
shard-00185.npz: games=16 samples=1024 cache=468/1024 seconds=65.5 q/s=8.5
coverage: games=3072 new=47344/50000 win=1112/0 block=8008/0 fork=18292/0
shard-00207.npz: games=16 samples=831 cache=608/831 seconds=31.7 q/s=7.0
shard-00193.npz: games=16 samples=824 cache=484/824 seconds=44.9 q/s=7.6
shard-00192.npz: games=16 samples=958 cache=623/958 seconds=48.3 q/s=6.9
shard-00200.npz: games=16 samples=972 cache=604/972 seconds=50.1 q/s=7.3
shard-00197.npz: games=16 samples=779 cache=420/779 seconds=50.5 q/s=7.1
shard-00196.npz: games=16 samples=960 cache=591/960 seconds=51.7 q/s=7.1
shard-00206.npz: games=16 samples=1031 cache=673/1031 seconds=52.2 q/s=6.9
shard-00204.npz: games=16 samples=1014 cache=633/1014 seconds=52.6 q/s=7.2
shard-00201.npz: games=16 samples=936 cache=512/936 seconds=53.0 q/s=8.0
shard-00202.npz: games=16 samples=969 cache=596/969 seconds=53.0 q/s=7.0
shard-00198.npz: games=16 samples=846 cache=428/846 seconds=55.2 q/s=7.6
shard-00195.npz: games=16 samples=1113 cache=649/1113 seconds=56.3 q/s=8.2
shard-00194.npz: games=16 samples=1062 cache=635/1062 seconds=57.2 q/s=7.5
shard-00203.npz: games=16 samples=1062 cache=608/1062 seconds=57.4 q/s=7.9
shard-00199.npz: games=16 samples=1138 cache=588/1138 seconds=62.5 q/s=8.8
shard-00205.npz: games=16 samples=963 cache=381/963 seconds=65.1 q/s=8.9
coverage: games=3328 new=50339/50000 win=1212/0 block=8657/0 fork=19718/0
!!!!!!!!!!!!!!!! 数据多样性量化结果 !!!!!!!!!!!!!!!!
!!!!!!!!!!!!!!!! 有效轨迹比例：18.74%（越高越好） !!!!!!!!!!!!!!!!
!!!!!!!!!!!!!!!! 最大单一轨迹占比：4.21%（越低越好） !!!!!!!!!!!!!!!!
!!!!!!!!!!!!!!!! 独特状态比例：30.55%（越高越好） !!!!!!!!!!!!!!!!
!!!!!!!!!!!!!!!! 数据质量结论：可接受，多样性良好 !!!!!!!!!!!!!!!!
complete: samples=205992 cache_hit_rate=0.574 expert_queries=87674
