!!!!!!!!!!!!!!!! 数据多样性检查开始 !!!!!!!!!!!!!!!!
!!!!!!!!!!!!!!!! 数据集：round_00_bootstrap !!!!!!!!!!!!!!!!
!!!!!!!!!!!!!!!! 有效轨迹比例：24.71%（越高越好，表示真正不同的对局分支） !!!!!!!!!!!!!!!!
!!!!!!!!!!!!!!!! 最大单一轨迹占比：5.70%（越低越好，表示是否被一种对局垄断） !!!!!!!!!!!!!!!!
!!!!!!!!!!!!!!!! 独特状态比例：43.36%（越高越好，表示不同棋盘局面的覆盖程度） !!!!!!!!!!!!!!!!
!!!!!!!!!!!!!!!! 数据质量结论：可接受，多样性良好 !!!!!!!!!!!!!!!!
!!!!!!!!!!!!!!!! 数据集：round_01_dagger !!!!!!!!!!!!!!!!
!!!!!!!!!!!!!!!! 有效轨迹比例：19.50%（越高越好，表示真正不同的对局分支） !!!!!!!!!!!!!!!!
!!!!!!!!!!!!!!!! 最大单一轨迹占比：4.62%（越低越好，表示是否被一种对局垄断） !!!!!!!!!!!!!!!!
!!!!!!!!!!!!!!!! 独特状态比例：32.10%（越高越好，表示不同棋盘局面的覆盖程度） !!!!!!!!!!!!!!!!
!!!!!!!!!!!!!!!! 数据质量结论：可接受，多样性良好 !!!!!!!!!!!!!!!!
!!!!!!!!!!!!!!!! 数据集：round_02_dagger !!!!!!!!!!!!!!!!
!!!!!!!!!!!!!!!! 有效轨迹比例：21.22%（越高越好，表示真正不同的对局分支） !!!!!!!!!!!!!!!!
!!!!!!!!!!!!!!!! 最大单一轨迹占比：4.26%（越低越好，表示是否被一种对局垄断） !!!!!!!!!!!!!!!!
!!!!!!!!!!!!!!!! 独特状态比例：32.87%（越高越好，表示不同棋盘局面的覆盖程度） !!!!!!!!!!!!!!!!
!!!!!!!!!!!!!!!! 数据质量结论：可接受，多样性良好 !!!!!!!!!!!!!!!!
!!!!!!!!!!!!!!!! 数据集：round_03_dagger !!!!!!!!!!!!!!!!
!!!!!!!!!!!!!!!! 有效轨迹比例：20.51%（越高越好，表示真正不同的对局分支） !!!!!!!!!!!!!!!!
!!!!!!!!!!!!!!!! 最大单一轨迹占比：4.69%（越低越好，表示是否被一种对局垄断） !!!!!!!!!!!!!!!!
!!!!!!!!!!!!!!!! 独特状态比例：31.14%（越高越好，表示不同棋盘局面的覆盖程度） !!!!!!!!!!!!!!!!
!!!!!!!!!!!!!!!! 数据质量结论：可接受，多样性良好 !!!!!!!!!!!!!!!!
!!!!!!!!!!!!!!!! 数据集：round_04_dagger !!!!!!!!!!!!!!!!
!!!!!!!!!!!!!!!! 有效轨迹比例：18.74%（越高越好，表示真正不同的对局分支） !!!!!!!!!!!!!!!!
!!!!!!!!!!!!!!!! 最大单一轨迹占比：4.21%（越低越好，表示是否被一种对局垄断） !!!!!!!!!!!!!!!!
!!!!!!!!!!!!!!!! 独特状态比例：30.55%（越高越好，表示不同棋盘局面的覆盖程度） !!!!!!!!!!!!!!!!
!!!!!!!!!!!!!!!! 数据质量结论：可接受，多样性良好 !!!!!!!!!!!!!!!!
!!!!!!!!!!!!!!!! 数据集：round_05_dagger !!!!!!!!!!!!!!!!
!!!!!!!!!!!!!!!! 有效轨迹比例：15.18%（越高越好，表示真正不同的对局分支） !!!!!!!!!!!!!!!!
!!!!!!!!!!!!!!!! 最大单一轨迹占比：6.02%（越低越好，表示是否被一种对局垄断） !!!!!!!!!!!!!!!!
!!!!!!!!!!!!!!!! 独特状态比例：30.57%（越高越好，表示不同棋盘局面的覆盖程度） !!!!!!!!!!!!!!!!
!!!!!!!!!!!!!!!! 数据质量结论：可接受，多样性良好 !!!!!!!!!!!!!!!!
!!!!!!!!!!!!!!!! 数据多样性检查结束 !!!!!!!!!!!!!!!!
epoch=1 train_loss=0.4236 val_loss=0.5753 val_acc=0.857 legal=1.000 samples/s=7190
epoch=2 train_loss=0.4200 val_loss=0.5727 val_acc=0.852 legal=1.000 samples/s=7116
epoch=3 train_loss=0.4164 val_loss=0.5747 val_acc=0.863 legal=1.000 samples/s=7057
epoch=4 train_loss=0.4114 val_loss=0.5692 val_acc=0.863 legal=1.000 samples/s=7247
epoch=5 train_loss=0.4090 val_loss=0.5690 val_acc=0.863 legal=1.000 samples/s=7126
epoch=6 train_loss=0.4062 val_loss=0.5862 val_acc=0.852 legal=1.000 samples/s=7239
epoch=7 train_loss=0.4044 val_loss=0.5749 val_acc=0.856 legal=1.000 samples/s=7130
epoch=8 train_loss=0.4014 val_loss=0.5707 val_acc=0.865 legal=1.000 samples/s=7245
epoch=9 train_loss=0.3999 val_loss=0.5751 val_acc=0.860 legal=1.000 samples/s=7083
epoch=10 train_loss=0.3836 val_loss=0.5546 val_acc=0.865 legal=1.000 samples/s=7243
epoch=11 train_loss=0.3793 val_loss=0.5537 val_acc=0.871 legal=1.000 samples/s=7085
epoch=12 train_loss=0.3771 val_loss=0.5549 val_acc=0.869 legal=1.000 samples/s=7253
epoch=13 train_loss=0.3750 val_loss=0.5558 val_acc=0.862 legal=1.000 samples/s=7135
epoch=14 train_loss=0.3738 val_loss=0.5560 val_acc=0.867 legal=1.000 samples/s=7283
epoch=15 train_loss=0.3726 val_loss=0.5555 val_acc=0.871 legal=1.000 samples/s=7149
epoch=16 train_loss=0.3657 val_loss=0.5451 val_acc=0.877 legal=1.000 samples/s=7256
epoch=17 train_loss=0.3642 val_loss=0.5467 val_acc=0.881 legal=1.000 samples/s=7123
epoch=18 train_loss=0.3621 val_loss=0.5445 val_acc=0.883 legal=1.000 samples/s=7099
epoch=19 train_loss=0.3609 val_loss=0.5446 val_acc=0.873 legal=1.000 samples/s=7068
epoch=20 train_loss=0.3611 val_loss=0.5468 val_acc=0.873 legal=1.000 samples/s=7262
epoch=21 train_loss=0.3587 val_loss=0.5431 val_acc=0.879 legal=1.000 samples/s=7115
early stopping after 21 epochs
