{
  "checkpoint": "/home/bison/mygames/chess_5/BC/checkpoints/9x9-quality-v1/round_05/best.pt",
  "challenge_bank": "/home/bison/mygames/chess_5/BC/data/9x9-quality-v1/challenge_v1.npz",
  "agreement": {
    "samples": 23401,
    "illegal_actions": 0,
    "top1_accuracy": 0.8023588735524123,
    "top4_accuracy": 0.971667877441135,
    "ood_top1_accuracy": 0.780961006768996,
    "ood_top4_accuracy": 0.969396510630184,
    "ood_samples": 20978,
    "win_block_accuracy": 0.9825650823978983,
    "fork_top4_accuracy": 0.9967469095640858,
    "win_block_samples": 4187,
    "fork_samples": 3074
  },
  "rollout_audit": {
    "samples": 20000,
    "illegal_actions": 0,
    "top1_accuracy": 0.9073,
    "top4_accuracy": 0.99415,
    "ood_top1_accuracy": 0.9073,
    "ood_top4_accuracy": 0.99415,
    "ood_samples": 20000,
    "win_block_accuracy": 0.9974248927038627,
    "fork_top4_accuracy": 0.9990128331688055,
    "win_block_samples": 1165,
    "fork_samples": 2026
  },
  "matches": {
    "colors": {
      "black": {
        "wins": 132,
        "losses": 47,
        "draws": 321,
        "games": 500,
        "score_rate": 0.585,
        "score_rate_ci95": [
          0.5598329817706122,
          0.6101670182293877
        ],
        "decisive_game_rate": 0.358
      },
      "white": {
        "wins": 58,
        "losses": 159,
        "draws": 283,
        "games": 500,
        "score_rate": 0.399,
        "score_rate_ci95": [
          0.37149115425141105,
          0.426508845748589
        ],
        "decisive_game_rate": 0.434
      }
    },
    "moves": 55891,
    "illegal_actions": 0
  },
  "passed": false
}
